Archive member included to satisfy reference by file (symbol)

./Sources/HAL/SiliconLabs/SDK/gecko_sdk_3.1.1/platform/radio/rail_lib/autogen/librail_release/librail_efr32xg21_gcc_release.a(rail_singleprotocol.o)
                              Output/Sniffer_802.15.4_SONOFF_USB_Dongle_Plus_E/OBJS/Hal_Radio.o (RAIL_Init)
./Sources/HAL/SiliconLabs/SDK/gecko_sdk_3.1.1/platform/radio/rail_lib/autogen/librail_release/librail_efr32xg21_gcc_release.a(rail_rf.o)
                              ./Sources/HAL/SiliconLabs/SDK/gecko_sdk_3.1.1/platform/radio/rail_lib/autogen/librail_release/librail_efr32xg21_gcc_release.a(rail_singleprotocol.o) (RAILINT_7e61d0565567ab0020244c3cf3f002a7)
./Sources/HAL/SiliconLabs/SDK/gecko_sdk_3.1.1/platform/radio/rail_lib/autogen/librail_release/librail_efr32xg21_gcc_release.a(rail_rx.o)
                              Output/Sniffer_802.15.4_SONOFF_USB_Dongle_Plus_E/OBJS/Hal_Radio.o (RAIL_ConfigRxOptions)
./Sources/HAL/SiliconLabs/SDK/gecko_sdk_3.1.1/platform/radio/rail_lib/autogen/librail_release/librail_efr32xg21_gcc_release.a(rail_tx.o)
                              ./Sources/HAL/SiliconLabs/SDK/gecko_sdk_3.1.1/platform/radio/rail_lib/autogen/librail_release/librail_efr32xg21_gcc_release.a(rail_singleprotocol.o) (RAILINT_702d492f891744505c1804ad464b3197)
./Sources/HAL/SiliconLabs/SDK/gecko_sdk_3.1.1/platform/radio/rail_lib/autogen/librail_release/librail_efr32xg21_gcc_release.a(rail_calibration.o)
                              ./Sources/HAL/SiliconLabs/SDK/gecko_sdk_3.1.1/platform/radio/rail_lib/autogen/librail_release/librail_efr32xg21_gcc_release.a(rail_singleprotocol.o) (RAILINT_3f0676ac0f150b09d4f7c9192cb9582b)
./Sources/HAL/SiliconLabs/SDK/gecko_sdk_3.1.1/platform/radio/rail_lib/autogen/librail_release/librail_efr32xg21_gcc_release.a(rail_data.o)
                              Output/Sniffer_802.15.4_SONOFF_USB_Dongle_Plus_E/OBJS/Hal_Radio.o (RAIL_SetTxFifo)
./Sources/HAL/SiliconLabs/SDK/gecko_sdk_3.1.1/platform/radio/rail_lib/autogen/librail_release/librail_efr32xg21_gcc_release.a(rail_assert.o)
                              ./Sources/HAL/SiliconLabs/SDK/gecko_sdk_3.1.1/platform/radio/rail_lib/autogen/librail_release/librail_efr32xg21_gcc_release.a(rail_rf.o) (RAILINT_205167ae842e22724c3f35c6430eeddb)
./Sources/HAL/SiliconLabs/SDK/gecko_sdk_3.1.1/platform/radio/rail_lib/autogen/librail_release/librail_efr32xg21_gcc_release.a(rail_timer.o)
                              ./Sources/HAL/SiliconLabs/SDK/gecko_sdk_3.1.1/platform/radio/rail_lib/autogen/librail_release/librail_efr32xg21_gcc_release.a(rail_singleprotocol.o) (RAILINT_80a95b4aaea926537c097a70e34624c5)
./Sources/HAL/SiliconLabs/SDK/gecko_sdk_3.1.1/platform/radio/rail_lib/autogen/librail_release/librail_efr32xg21_gcc_release.a(tmrdrv.o)
                              ./Sources/HAL/SiliconLabs/SDK/gecko_sdk_3.1.1/platform/radio/rail_lib/autogen/librail_release/librail_efr32xg21_gcc_release.a(rail_timer.o) (RAILINT_03a02e949ccb07bdf2c116a95bc1063d)
./Sources/HAL/SiliconLabs/SDK/gecko_sdk_3.1.1/platform/radio/rail_lib/autogen/librail_release/librail_efr32xg21_gcc_release.a(tmrdrv_config.o)
                              ./Sources/HAL/SiliconLabs/SDK/gecko_sdk_3.1.1/platform/radio/rail_lib/autogen/librail_release/librail_efr32xg21_gcc_release.a(tmrdrv.o) (RAILINT_47ca1afb9bdf7beb1cf53c552f662e9e)
./Sources/HAL/SiliconLabs/SDK/gecko_sdk_3.1.1/platform/radio/rail_lib/autogen/librail_release/librail_efr32xg21_gcc_release.a(pa_auto_mode.o)
                              ./Sources/HAL/SiliconLabs/SDK/gecko_sdk_3.1.1/platform/radio/rail_lib/autogen/librail_release/librail_efr32xg21_gcc_release.a(rail_tx.o) (RAILCb_PaAutoModeDecision)
./Sources/HAL/SiliconLabs/SDK/gecko_sdk_3.1.1/platform/radio/rail_lib/autogen/librail_release/librail_efr32xg21_gcc_release.a(rail_ieee802154.o)
                              Output/Sniffer_802.15.4_SONOFF_USB_Dongle_Plus_E/OBJS/Hal_Radio.o (RAIL_IEEE802154_Init)
./Sources/HAL/SiliconLabs/SDK/gecko_sdk_3.1.1/platform/radio/rail_lib/autogen/librail_release/librail_efr32xg21_gcc_release.a(rail_ble.o)
                              ./Sources/HAL/SiliconLabs/SDK/gecko_sdk_3.1.1/platform/radio/rail_lib/autogen/librail_release/librail_efr32xg21_gcc_release.a(rail_tx.o) (RAIL_BLE_IsEnabled)
./Sources/HAL/SiliconLabs/SDK/gecko_sdk_3.1.1/platform/radio/rail_lib/autogen/librail_release/librail_efr32xg21_gcc_release.a(rail_power_manager.o)
                              ./Sources/HAL/SiliconLabs/SDK/gecko_sdk_3.1.1/platform/radio/rail_lib/autogen/librail_release/librail_efr32xg21_gcc_release.a(rail_singleprotocol.o) (RAILINT_eb9e5717b8324724a5abf3334541fe91)
./Sources/HAL/SiliconLabs/SDK/gecko_sdk_3.1.1/platform/radio/rail_lib/autogen/librail_release/librail_efr32xg21_gcc_release.a(rail_rf_hal.o)
                              ./Sources/HAL/SiliconLabs/SDK/gecko_sdk_3.1.1/platform/radio/rail_lib/autogen/librail_release/librail_efr32xg21_gcc_release.a(rail_rf.o) (RAILINT_308157e3c5d7e1d3aaf039be96b40226)
[...]
Memory Configuration

Name             Origin             Length             Attributes
FLASH            0x00004000         0x000bc000         xr
RAM              0x20000000         0x00010000         xrw
*default*        0x00000000         0xffffffff

Linker script and memory map

LOAD Output/Sniffer_802.15.4_SONOFF_USB_Dongle_Plus_E/OBJS/main.o
LOAD Output/Sniffer_802.15.4_SONOFF_USB_Dongle_Plus_E/OBJS/phy.o
LOAD Output/Sniffer_802.15.4_SONOFF_USB_Dongle_Plus_E/OBJS/mac.o
LOAD Output/Sniffer_802.15.4_SONOFF_USB_Dongle_Plus_E/OBJS/mac_unpack.o
LOAD Output/Sniffer_802.15.4_SONOFF_USB_Dongle_Plus_E/OBJS/console.o
LOAD Output/Sniffer_802.15.4_SONOFF_USB_Dongle_Plus_E/OBJS/printf.o
LOAD Output/Sniffer_802.15.4_SONOFF_USB_Dongle_Plus_E/OBJS/crc.o
LOAD Output/Sniffer_802.15.4_SONOFF_USB_Dongle_Plus_E/OBJS/em_assert.o
LOAD Output/Sniffer_802.15.4_SONOFF_USB_Dongle_Plus_E/OBJS/em_cmu.o
LOAD Output/Sniffer_802.15.4_SONOFF_USB_Dongle_Plus_E/OBJS/em_core.o
LOAD Output/Sniffer_802.15.4_SONOFF_USB_Dongle_Plus_E/OBJS/em_gpio.o
LOAD Output/Sniffer_802.15.4_SONOFF_USB_Dongle_Plus_E/OBJS/em_system.o
LOAD Output/Sniffer_802.15.4_SONOFF_USB_Dongle_Plus_E/OBJS/em_usart.o
LOAD Output/Sniffer_802.15.4_SONOFF_USB_Dongle_Plus_E/OBJS/startup_efr32mg21.o
LOAD Output/Sniffer_802.15.4_SONOFF_USB_Dongle_Plus_E/OBJS/system_efr32mg21.o
LOAD Output/Sniffer_802.15.4_SONOFF_USB_Dongle_Plus_E/OBJS/Hal_Clocks.o
LOAD Output/Sniffer_802.15.4_SONOFF_USB_Dongle_Plus_E/OBJS/Hal_Radio.o
LOAD Output/Sniffer_802.15.4_SONOFF_USB_Dongle_Plus_E/OBJS/Hal_Console.o
LOAD Output/Sniffer_802.15.4_SONOFF_USB_Dongle_Plus_E/OBJS/BSP_Sonoff_USB_Dongle_Plus_E.o
LOAD ./Sources/HAL/SiliconLabs/SDK/gecko_sdk_3.1.1/platform/radio/rail_lib/autogen/librail_release/librail_efr32xg21_gcc_release.a
LOAD d:/prog/gcc/gcc-arm-none-eabi-10.3-2021.10/bin/../lib/gcc/arm-none-eabi/10.3.1/thumb/v8-m.main+fp/hard\libgcc.a
LOAD d:/prog/gcc/gcc-arm-none-eabi-10.3-2021.10/bin/../lib/gcc/arm-none-eabi/10.3.1/../../../../arm-none-eabi/lib/thumb/v8-m.main+fp/hard\libc_nano.a

.text           0x00004000     0x9d59
 *(.vectors)
 .vectors       0x00004000      0x134 Output/Sniffer_802.15.4_SONOFF_USB_Dongle_Plus_E/OBJS/startup_efr32mg21.o
                0x00004000                __Vectors
                0x00004134                __Vectors_End = .
                0x00004134                __Vectors_Size = (__Vectors_End - __Vectors)
                0x20000e60                __end__ = .
 *(.text*)
 .text.main     0x00004134       0x18 Output/Sniffer_802.15.4_SONOFF_USB_Dongle_Plus_E/OBJS/main.o
                0x00004134                main
 .text.Mac_RxMsgCallbackPreprocessPhyRx
                0x0000414c        0xa Output/Sniffer_802.15.4_SONOFF_USB_Dongle_Plus_E/OBJS/main.o
                0x0000414c                Mac_RxMsgCallbackPreprocessPhyRx
 .text.PHY_Task
                0x00004156       0x1a Output/Sniffer_802.15.4_SONOFF_USB_Dongle_Plus_E/OBJS/phy.o
                0x00004156                PHY_Task
 .text.Mac_RxMsgCallbackPreprocessMacUnpacked
                0x00004170        0x4 Output/Sniffer_802.15.4_SONOFF_USB_Dongle_Plus_E/OBJS/mac.o
                0x00004170                Mac_RxMsgCallbackPreprocessMacUnpacked
 .text.Mac_RxMsgCallbackPostprocessMacUnpacked
                0x00004174        0x4 Output/Sniffer_802.15.4_SONOFF_USB_Dongle_Plus_E/OBJS/mac.o
                0x00004174                Mac_RxMsgCallbackPostprocessMacUnpacked
 .text.MAC_ProcessPhyRx
                0x00004178       0x4c Output/Sniffer_802.15.4_SONOFF_USB_Dongle_Plus_E/OBJS/mac.o
                0x00004178                MAC_ProcessPhyRx
 .text.MAC_Unpack
                0x000041c4      0x330 Output/Sniffer_802.15.4_SONOFF_USB_Dongle_Plus_E/OBJS/mac_unpack.o
                0x000041c4                MAC_Unpack
 .text.jsmn_alloc_token
                0x000044f4       0x20 Output/Sniffer_802.15.4_SONOFF_USB_Dongle_Plus_E/OBJS/console.o
 .text.jsmn_fill_token
                0x00004514        0xc Output/Sniffer_802.15.4_SONOFF_USB_Dongle_Plus_E/OBJS/console.o
 .text.jsmn_parse_primitive
                0x00004520      0x110 Output/Sniffer_802.15.4_SONOFF_USB_Dongle_Plus_E/OBJS/console.o
 .text.jsmn_parse_string
                0x00004630      0x148 Output/Sniffer_802.15.4_SONOFF_USB_Dongle_Plus_E/OBJS/console.o
 .text.write_json_parameter
                0x00004778       0x6a Output/Sniffer_802.15.4_SONOFF_USB_Dongle_Plus_E/OBJS/console.o
 *fill*         0x000047e2        0x2 
 .text.jsmn_parse
                0x000047e4      0x2d0 Output/Sniffer_802.15.4_SONOFF_USB_Dongle_Plus_E/OBJS/console.o
                0x000047e4                jsmn_parse
 .text.jsmn_init
                0x00004ab4        0xe Output/Sniffer_802.15.4_SONOFF_USB_Dongle_Plus_E/OBJS/console.o
                0x00004ab4                jsmn_init
 .text.console_process_rx_json
                0x00004ac2       0x9a Output/Sniffer_802.15.4_SONOFF_USB_Dongle_Plus_E/OBJS/console.o
 .text.console_serialize_json
                0x00004b5c       0x68 Output/Sniffer_802.15.4_SONOFF_USB_Dongle_Plus_E/OBJS/console.o
 .text.Console_Write
                0x00004bc4       0x1a Output/Sniffer_802.15.4_SONOFF_USB_Dongle_Plus_E/OBJS/console.o
                0x00004bc4                Console_Write
 *fill*         0x00004bde        0x2 
 .text.Console_RxByte
                0x00004be0       0x24 Output/Sniffer_802.15.4_SONOFF_USB_Dongle_Plus_E/OBJS/console.o
                0x00004be0                Console_RxByte
 .text.Console_Process_Rx
                0x00004c04       0x3c Output/Sniffer_802.15.4_SONOFF_USB_Dongle_Plus_E/OBJS/console.o
                0x00004c04                Console_Process_Rx
 .text.Console_PhyToJSONV2
                0x00004c40      0x170 Output/Sniffer_802.15.4_SONOFF_USB_Dongle_Plus_E/OBJS/console.o
                0x00004c40                Console_PhyToJSONV2
 .text._out_buffer
                0x00004db0        0x8 Output/Sniffer_802.15.4_SONOFF_USB_Dongle_Plus_E/OBJS/printf.o
 .text._out_null
                0x00004db8        0x2 Output/Sniffer_802.15.4_SONOFF_USB_Dongle_Plus_E/OBJS/printf.o
 .text._atoi    0x00004dba       0x24 Output/Sniffer_802.15.4_SONOFF_USB_Dongle_Plus_E/OBJS/printf.o
 .text._out_rev
                0x00004dde       0x7e Output/Sniffer_802.15.4_SONOFF_USB_Dongle_Plus_E/OBJS/printf.o
 .text._ntoa_format
                0x00004e5c      0x138 Output/Sniffer_802.15.4_SONOFF_USB_Dongle_Plus_E/OBJS/printf.o
 .text._ntoa_long
                0x00004f94       0x94 Output/Sniffer_802.15.4_SONOFF_USB_Dongle_Plus_E/OBJS/printf.o
 .text._ntoa_long_long
                0x00005028       0xc6 Output/Sniffer_802.15.4_SONOFF_USB_Dongle_Plus_E/OBJS/printf.o
 *fill*         0x000050ee        0x2 
 .text._vsnprintf
                0x000050f0      0x5e8 Output/Sniffer_802.15.4_SONOFF_USB_Dongle_Plus_E/OBJS/printf.o
 .text.snprintf_
                0x000056d8       0x28 Output/Sniffer_802.15.4_SONOFF_USB_Dongle_Plus_E/OBJS/printf.o
                0x000056d8                snprintf_
 .text.reflect  0x00005700       0x46 Output/Sniffer_802.15.4_SONOFF_USB_Dongle_Plus_E/OBJS/crc.o
 *fill*         0x00005746        0x2 
 .text.crcInit  0x00005748       0x3c Output/Sniffer_802.15.4_SONOFF_USB_Dongle_Plus_E/OBJS/crc.o
                0x00005748                crcInit
 .text.crcFast  0x00005784       0x3c Output/Sniffer_802.15.4_SONOFF_USB_Dongle_Plus_E/OBJS/crc.o
                0x00005784                crcFast
 .text.assertEFM
                0x000057c0        0x2 Output/Sniffer_802.15.4_SONOFF_USB_Dongle_Plus_E/OBJS/em_assert.o
                0x000057c0                assertEFM
 *fill*         0x000057c2        0x2 
 .text.flashWaitStateControl
                0x000057c4       0x58 Output/Sniffer_802.15.4_SONOFF_USB_Dongle_Plus_E/OBJS/em_cmu.o
 .text.HFRCODPLLDevinfoGet
                0x0000581c      0x10c Output/Sniffer_802.15.4_SONOFF_USB_Dongle_Plus_E/OBJS/em_cmu.o
 .text.traceClkGet
                0x00005928       0x48 Output/Sniffer_802.15.4_SONOFF_USB_Dongle_Plus_E/OBJS/em_cmu.o
 .text.em01GrpaClkGet
                0x00005970       0x60 Output/Sniffer_802.15.4_SONOFF_USB_Dongle_Plus_E/OBJS/em_cmu.o
 .text.iadcClkGet
                0x000059d0       0x64 Output/Sniffer_802.15.4_SONOFF_USB_Dongle_Plus_E/OBJS/em_cmu.o
 .text.em23GrpaClkGet
                0x00005a34       0x54 Output/Sniffer_802.15.4_SONOFF_USB_Dongle_Plus_E/OBJS/em_cmu.o
 .text.em4GrpaClkGet
                0x00005a88       0x54 Output/Sniffer_802.15.4_SONOFF_USB_Dongle_Plus_E/OBJS/em_cmu.o
 .text.wdog0ClkGet
                0x00005adc       0x60 Output/Sniffer_802.15.4_SONOFF_USB_Dongle_Plus_E/OBJS/em_cmu.o
 .text.wdog1ClkGet
                0x00005b3c       0x60 Output/Sniffer_802.15.4_SONOFF_USB_Dongle_Plus_E/OBJS/em_cmu.o
 .text.rtccClkGet
                0x00005b9c       0x54 Output/Sniffer_802.15.4_SONOFF_USB_Dongle_Plus_E/OBJS/em_cmu.o
 .text.dpllRefClkGet
                0x00005bf0       0x58 Output/Sniffer_802.15.4_SONOFF_USB_Dongle_Plus_E/OBJS/em_cmu.o
 .text.waitStateMax
                0x00005c48        0xe Output/Sniffer_802.15.4_SONOFF_USB_Dongle_Plus_E/OBJS/em_cmu.o
 *fill*         0x00005c56        0x2 
 .text.CMU_ClockDivGet
                0x00005c58       0x58 Output/Sniffer_802.15.4_SONOFF_USB_Dongle_Plus_E/OBJS/em_cmu.o
                0x00005c58                CMU_ClockDivGet
 .text.CMU_ClockFreqGet
                0x00005cb0       0xf4 Output/Sniffer_802.15.4_SONOFF_USB_Dongle_Plus_E/OBJS/em_cmu.o
                0x00005cb0                CMU_ClockFreqGet
 .text.CMU_ClockSelectGet
                0x00005da4      0x104 Output/Sniffer_802.15.4_SONOFF_USB_Dongle_Plus_E/OBJS/em_cmu.o
                0x00005da4                CMU_ClockSelectGet
 .text.CMU_UpdateWaitStates
                0x00005ea8       0x16 Output/Sniffer_802.15.4_SONOFF_USB_Dongle_Plus_E/OBJS/em_cmu.o
                0x00005ea8                CMU_UpdateWaitStates
 *fill*         0x00005ebe        0x2 
 .text.CMU_ClockDivSet
                0x00005ec0       0xb4 Output/Sniffer_802.15.4_SONOFF_USB_Dongle_Plus_E/OBJS/em_cmu.o
                0x00005ec0                CMU_ClockDivSet
 .text.pclkDivMax
                0x00005f74        0xc Output/Sniffer_802.15.4_SONOFF_USB_Dongle_Plus_E/OBJS/em_cmu.o
 .text.pclkDivOptimize
                0x00005f80       0x20 Output/Sniffer_802.15.4_SONOFF_USB_Dongle_Plus_E/OBJS/em_cmu.o
 .text.CMU_HFRCODPLLBandSet
                0x00005fa0       0xec Output/Sniffer_802.15.4_SONOFF_USB_Dongle_Plus_E/OBJS/em_cmu.o
                0x00005fa0                CMU_HFRCODPLLBandSet
 .text.CORE_EnterCritical
                0x0000608c        0x8 Output/Sniffer_802.15.4_SONOFF_USB_Dongle_Plus_E/OBJS/em_core.o
                0x0000608c                CORE_EnterCritical
 .text.CORE_ExitCritical
                0x00006094        0x6 Output/Sniffer_802.15.4_SONOFF_USB_Dongle_Plus_E/OBJS/em_core.o
                0x00006094                CORE_ExitCritical
 .text.CORE_EnterAtomic
                0x0000609a        0x8 Output/Sniffer_802.15.4_SONOFF_USB_Dongle_Plus_E/OBJS/em_core.o
                0x0000609a                CORE_EnterAtomic
 .text.CORE_ExitAtomic
                0x000060a2        0x6 Output/Sniffer_802.15.4_SONOFF_USB_Dongle_Plus_E/OBJS/em_core.o
                0x000060a2                CORE_ExitAtomic
 .text.GPIO_PinModeSet
                0x000060a8      0x1e8 Output/Sniffer_802.15.4_SONOFF_USB_Dongle_Plus_E/OBJS/em_gpio.o
                0x000060a8                GPIO_PinModeSet
 .text.SYSTEM_ChipRevisionGet
                0x00006290       0x1c Output/Sniffer_802.15.4_SONOFF_USB_Dongle_Plus_E/OBJS/em_system.o
                0x00006290                SYSTEM_ChipRevisionGet
 .text.prsRxInput
                0x000062ac       0x48 Output/Sniffer_802.15.4_SONOFF_USB_Dongle_Plus_E/OBJS/em_usart.o
 .text.USART_BaudrateAsyncSet
                0x000062f4       0xec Output/Sniffer_802.15.4_SONOFF_USB_Dongle_Plus_E/OBJS/em_usart.o
                0x000062f4                USART_BaudrateAsyncSet
 .text.USART_Reset
                0x000063e0       0x98 Output/Sniffer_802.15.4_SONOFF_USB_Dongle_Plus_E/OBJS/em_usart.o
                0x000063e0                USART_Reset
 .text.USART_InitAsync
                0x00006478      0x130 Output/Sniffer_802.15.4_SONOFF_USB_Dongle_Plus_E/OBJS/em_usart.o
                0x00006478                USART_InitAsync
 .text.Default_Handler
                0x000065a8        0x2 Output/Sniffer_802.15.4_SONOFF_USB_Dongle_Plus_E/OBJS/startup_efr32mg21.o
                0x000065a8                ULFRCO_IRQHandler
                0x000065a8                SW2_IRQHandler
                0x000065a8                TIMER2_IRQHandler
                0x000065a8                DebugMon_Handler
                0x000065a8                USART0_TX_IRQHandler
                0x000065a8                IADC_IRQHandler
                0x000065a8                I2C0_IRQHandler
                0x000065a8                LFXO_IRQHandler
                0x000065a8                HardFault_Handler
                0x000065a8                SMU_SECURE_IRQHandler
                0x000065a8                SysTick_Handler
                0x000065a8                USART1_RX_IRQHandler
                0x000065a8                PendSV_Handler
                0x000065a8                NMI_Handler
                0x000065a8                I2C1_IRQHandler
                0x000065a8                WDOG0_IRQHandler
                0x000065a8                TIMER3_IRQHandler
                0x000065a8                SYSCFG_IRQHandler
                0x000065a8                EMUSE_IRQHandler
                0x000065a8                EMUDG_IRQHandler
                0x000065a8                USART1_TX_IRQHandler
                0x000065a8                SMU_PRIVILEGED_IRQHandler
                0x000065a8                MSC_IRQHandler
                0x000065a8                DPLL0_IRQHandler
                0x000065a8                UsageFault_Handler
                0x000065a8                WDOG1_IRQHandler
                0x000065a8                M33CTI1_IRQHandler
                0x000065a8                GPIO_EVEN_IRQHandler
                0x000065a8                LDMA_IRQHandler
                0x000065a8                SEMBTX_IRQHandler
                0x000065a8                SW0_IRQHandler
                0x000065a8                TIMER0_IRQHandler
                0x000065a8                LETIMER0_IRQHandler
                0x000065a8                TIMER1_IRQHandler
                0x000065a8                HFRCO0_IRQHandler
                0x000065a8                USART2_RX_IRQHandler
                0x000065a8                Default_Handler
                0x000065a8                EMU_IRQHandler
                0x000065a8                SW3_IRQHandler
                0x000065a8                KERNEL0_IRQHandler
                0x000065a8                KERNEL1_IRQHandler
                0x000065a8                HFRCOEM23_IRQHandler
                0x000065a8                BURTC_IRQHandler
                0x000065a8                SEMBRX_IRQHandler
                0x000065a8                LFRCO_IRQHandler
                0x000065a8                ACMP0_IRQHandler
                0x000065a8                MemManage_Handler
                0x000065a8                SVC_Handler
                0x000065a8                RTCC_IRQHandler
                0x000065a8                HFXO00_IRQHandler
                0x000065a8                SW1_IRQHandler
                0x000065a8                CMU_IRQHandler
                0x000065a8                SETAMPERHOST_IRQHandler
                0x000065a8                GPIO_ODD_IRQHandler
                0x000065a8                AES_IRQHandler
                0x000065a8                M33CTI0_IRQHandler
                0x000065a8                ICACHE0_IRQHandler
                0x000065a8                ACMP1_IRQHandler
                0x000065a8                BusFault_Handler
                0x000065a8                USART2_TX_IRQHandler
 *fill*         0x000065aa        0x2 
 .text.Reset_Handler
                0x000065ac       0x44 Output/Sniffer_802.15.4_SONOFF_USB_Dongle_Plus_E/OBJS/startup_efr32mg21.o
                0x000065ac                Reset_Handler
 .text.SystemInit
                0x000065f0       0x1c Output/Sniffer_802.15.4_SONOFF_USB_Dongle_Plus_E/OBJS/system_efr32mg21.o
                0x000065f0                SystemInit
 .text.SystemHFRCODPLLClockGet
                0x0000660c        0xc Output/Sniffer_802.15.4_SONOFF_USB_Dongle_Plus_E/OBJS/system_efr32mg21.o
                0x0000660c                SystemHFRCODPLLClockGet
 .text.SystemHFRCODPLLClockSet
                0x00006618        0xc Output/Sniffer_802.15.4_SONOFF_USB_Dongle_Plus_E/OBJS/system_efr32mg21.o
                0x00006618                SystemHFRCODPLLClockSet
 .text.SystemSYSCLKGet
                0x00006624       0x34 Output/Sniffer_802.15.4_SONOFF_USB_Dongle_Plus_E/OBJS/system_efr32mg21.o
                0x00006624                SystemSYSCLKGet
 .text.SystemHCLKGet
                0x00006658       0x24 Output/Sniffer_802.15.4_SONOFF_USB_Dongle_Plus_E/OBJS/system_efr32mg21.o
                0x00006658                SystemHCLKGet
 .text.SystemMaxCoreClockGet
                0x0000667c        0x8 Output/Sniffer_802.15.4_SONOFF_USB_Dongle_Plus_E/OBJS/system_efr32mg21.o
                0x0000667c                SystemMaxCoreClockGet
 .text.SystemHFXOClockGet
                0x00006684        0xc Output/Sniffer_802.15.4_SONOFF_USB_Dongle_Plus_E/OBJS/system_efr32mg21.o
                0x00006684                SystemHFXOClockGet
 .text.SystemCLKIN0Get
                0x00006690        0x4 Output/Sniffer_802.15.4_SONOFF_USB_Dongle_Plus_E/OBJS/system_efr32mg21.o
                0x00006690                SystemCLKIN0Get
 .text.SystemFSRCOClockGet
                0x00006694        0x8 Output/Sniffer_802.15.4_SONOFF_USB_Dongle_Plus_E/OBJS/system_efr32mg21.o
                0x00006694                SystemFSRCOClockGet
 .text.SystemHFRCOEM23ClockGet
                0x0000669c       0x88 Output/Sniffer_802.15.4_SONOFF_USB_Dongle_Plus_E/OBJS/system_efr32mg21.o
                0x0000669c                SystemHFRCOEM23ClockGet
 .text.SystemLFRCOClockGet
                0x00006724        0x6 Output/Sniffer_802.15.4_SONOFF_USB_Dongle_Plus_E/OBJS/system_efr32mg21.o
                0x00006724                SystemLFRCOClockGet
 .text.SystemULFRCOClockGet
                0x0000672a        0x6 Output/Sniffer_802.15.4_SONOFF_USB_Dongle_Plus_E/OBJS/system_efr32mg21.o
                0x0000672a                SystemULFRCOClockGet
 .text.SystemLFXOClockGet
                0x00006730        0xc Output/Sniffer_802.15.4_SONOFF_USB_Dongle_Plus_E/OBJS/system_efr32mg21.o
                0x00006730                SystemLFXOClockGet
 .text.HAL_Clocks_Init
                0x0000673c       0x10 Output/Sniffer_802.15.4_SONOFF_USB_Dongle_Plus_E/OBJS/Hal_Clocks.o
                0x0000673c                HAL_Clocks_Init
 .text.radioEventHandler
                0x0000674c       0x40 Output/Sniffer_802.15.4_SONOFF_USB_Dongle_Plus_E/OBJS/Hal_Radio.o
 .text.HAL_Radio_Init
                0x0000678c       0x28 Output/Sniffer_802.15.4_SONOFF_USB_Dongle_Plus_E/OBJS/Hal_Radio.o
                0x0000678c                HAL_Radio_Init
 *fill*         0x000067b4        0x4 
 .text.HAL_Radio_InitPromiscuousMode
                0x000067b8       0x84 Output/Sniffer_802.15.4_SONOFF_USB_Dongle_Plus_E/OBJS/Hal_Radio.o
                0x000067b8                HAL_Radio_InitPromiscuousMode
 .text.HAL_Radio_GetRxPacket
                0x0000683c       0xa4 Output/Sniffer_802.15.4_SONOFF_USB_Dongle_Plus_E/OBJS/Hal_Radio.o
                0x0000683c                HAL_Radio_GetRxPacket
 .text.HAL_SetRadioChannel
                0x000068e0       0x20 Output/Sniffer_802.15.4_SONOFF_USB_Dongle_Plus_E/OBJS/Hal_Radio.o
                0x000068e0                HAL_SetRadioChannel
 .text.HAL_Console_Init
                0x00006900       0xc0 Output/Sniffer_802.15.4_SONOFF_USB_Dongle_Plus_E/OBJS/Hal_Console.o
                0x00006900                HAL_Console_Init
 .text.HAL_Console_Tx_Byte
                0x000069c0       0x14 Output/Sniffer_802.15.4_SONOFF_USB_Dongle_Plus_E/OBJS/Hal_Console.o
                0x000069c0                HAL_Console_Tx_Byte
 .text.USART0_RX_IRQHandler
                0x000069d4       0x14 Output/Sniffer_802.15.4_SONOFF_USB_Dongle_Plus_E/OBJS/Hal_Console.o
                0x000069d4                USART0_RX_IRQHandler
 .text.BSP_InitLed
                0x000069e8       0x10 Output/Sniffer_802.15.4_SONOFF_USB_Dongle_Plus_E/OBJS/BSP_Sonoff_USB_Dongle_Plus_E.o
                0x000069e8                BSP_InitLed
 .text.BSP_Init
                0x000069f8       0x90 Output/Sniffer_802.15.4_SONOFF_USB_Dongle_Plus_E/OBJS/BSP_Sonoff_USB_Dongle_Plus_E.o
                0x000069f8                BSP_Init
 .text.BSP_SetLed
                0x00006a88        0xc Output/Sniffer_802.15.4_SONOFF_USB_Dongle_Plus_E/OBJS/BSP_Sonoff_USB_Dongle_Plus_E.o
                0x00006a88                BSP_SetLed
 .text.BSP_ClrLed
                0x00006a94        0xc Output/Sniffer_802.15.4_SONOFF_USB_Dongle_Plus_E/OBJS/BSP_Sonoff_USB_Dongle_Plus_E.o
                0x00006a94                BSP_ClrLed
 .text.RAIL_Init
                0x00006aa0       0x3c ./Sources/HAL/SiliconLabs/SDK/gecko_sdk_3.1.1/platform/radio/rail_lib/autogen/librail_release/librail_efr32xg21_gcc_release.a(rail_singleprotocol.o)
                0x00006aa0                RAIL_Init
 .text.RAIL_StartRx
                0x00006adc       0x20 ./Sources/HAL/SiliconLabs/SDK/gecko_sdk_3.1.1/platform/radio/rail_lib/autogen/librail_release/librail_efr32xg21_gcc_release.a(rail_singleprotocol.o)
                0x00006adc                RAIL_StartRx
 .text.RAILINT_db926409e556c7e73d15fec818f5b1d6
                0x00006afc        0x2 ./Sources/HAL/SiliconLabs/SDK/gecko_sdk_3.1.1/platform/radio/rail_lib/autogen/librail_release/librail_efr32xg21_gcc_release.a(rail_rf.o)
 *fill*         0x00006afe        0x2 
 .text.RAILINT_ba62dd308ed15b1ffe7bd5b874af6d40
                0x00006b00       0x1c ./Sources/HAL/SiliconLabs/SDK/gecko_sdk_3.1.1/platform/radio/rail_lib/autogen/librail_release/librail_efr32xg21_gcc_release.a(rail_rf.o)
 .text.RAILINT_a690160bdcee277d32012935fb6dead8
                0x00006b1c       0x12 ./Sources/HAL/SiliconLabs/SDK/gecko_sdk_3.1.1/platform/radio/rail_lib/autogen/librail_release/librail_efr32xg21_gcc_release.a(rail_rf.o)
 .text.RAILINT_7e61d0565567ab0020244c3cf3f002a7
                0x00006b2e       0x1e ./Sources/HAL/SiliconLabs/SDK/gecko_sdk_3.1.1/platform/radio/rail_lib/autogen/librail_release/librail_efr32xg21_gcc_release.a(rail_rf.o)
                0x00006b2e                RAILINT_7e61d0565567ab0020244c3cf3f002a7
 .text.RAILINT_c64aa2902ddc8ebf4f72e7399c171680
                0x00006b4c       0x28 ./Sources/HAL/SiliconLabs/SDK/gecko_sdk_3.1.1/platform/radio/rail_lib/autogen/librail_release/librail_efr32xg21_gcc_release.a(rail_rf.o)
                0x00006b4c                RAILINT_c64aa2902ddc8ebf4f72e7399c171680
 .text.RAILINT_499a6fa84e713dbcc15223a1179c1579
                0x00006b74       0x24 ./Sources/HAL/SiliconLabs/SDK/gecko_sdk_3.1.1/platform/radio/rail_lib/autogen/librail_release/librail_efr32xg21_gcc_release.a(rail_rf.o)
                0x00006b74                RAILINT_499a6fa84e713dbcc15223a1179c1579
 .text.RAILCb_CalcSymbolRate
                0x00006b98        0x8 ./Sources/HAL/SiliconLabs/SDK/gecko_sdk_3.1.1/platform/radio/rail_lib/autogen/librail_release/librail_efr32xg21_gcc_release.a(rail_rf.o)
                0x00006b98                RAILCb_CalcSymbolRate
 .text.RAILCb_CalcBitRate
                0x00006ba0        0x8 ./Sources/HAL/SiliconLabs/SDK/gecko_sdk_3.1.1/platform/radio/rail_lib/autogen/librail_release/librail_efr32xg21_gcc_release.a(rail_rf.o)
                0x00006ba0                RAILCb_CalcBitRate
 .text.RAIL_SetStateTiming
                0x00006ba8       0x60 ./Sources/HAL/SiliconLabs/SDK/gecko_sdk_3.1.1/platform/radio/rail_lib/autogen/librail_release/librail_efr32xg21_gcc_release.a(rail_rf.o)
                0x00006ba8                RAIL_SetStateTiming
 .text.RAILINT_a414401b72e85e008bc59287e035ef41
                0x00006c08      0x118 ./Sources/HAL/SiliconLabs/SDK/gecko_sdk_3.1.1/platform/radio/rail_lib/autogen/librail_release/librail_efr32xg21_gcc_release.a(rail_rf.o)
                0x00006c08                RAILINT_a414401b72e85e008bc59287e035ef41
 .text.RAILINT_eff06dff73e0f32be1552c4011c2dec9
                0x00006d20      0x1c4 ./Sources/HAL/SiliconLabs/SDK/gecko_sdk_3.1.1/platform/radio/rail_lib/autogen/librail_release/librail_efr32xg21_gcc_release.a(rail_rf.o)
                0x00006d20                RAILINT_eff06dff73e0f32be1552c4011c2dec9
 .text.RAILINT_f6dbb0a8d6338735e61b94958eb4964b
                0x00006ee4       0x3c ./Sources/HAL/SiliconLabs/SDK/gecko_sdk_3.1.1/platform/radio/rail_lib/autogen/librail_release/librail_efr32xg21_gcc_release.a(rail_rf.o)
                0x00006ee4                RAILINT_f6dbb0a8d6338735e61b94958eb4964b
 .text.RAILINT_f0f851116f368bc625e2a9fc0cccaa69
                0x00006f20       0x84 ./Sources/HAL/SiliconLabs/SDK/gecko_sdk_3.1.1/platform/radio/rail_lib/autogen/librail_release/librail_efr32xg21_gcc_release.a(rail_rf.o)
                0x00006f20                RAILINT_f0f851116f368bc625e2a9fc0cccaa69
 .text.RAILINT_992a3700fea39ab020ab6087e28c16df
                0x00006fa4       0x2c ./Sources/HAL/SiliconLabs/SDK/gecko_sdk_3.1.1/platform/radio/rail_lib/autogen/librail_release/librail_efr32xg21_gcc_release.a(rail_rf.o)
                0x00006fa4                RAILINT_992a3700fea39ab020ab6087e28c16df
 .text.RAILINT_9dae83c5a5b496ad1ace0cccba141a93
                0x00006fd0       0x28 ./Sources/HAL/SiliconLabs/SDK/gecko_sdk_3.1.1/platform/radio/rail_lib/autogen/librail_release/librail_efr32xg21_gcc_release.a(rail_rf.o)
                0x00006fd0                RAILINT_9dae83c5a5b496ad1ace0cccba141a93
 .text.RAIL_ConfigEvents
                0x00006ff8       0x14 ./Sources/HAL/SiliconLabs/SDK/gecko_sdk_3.1.1/platform/radio/rail_lib/autogen/librail_release/librail_efr32xg21_gcc_release.a(rail_rf.o)
                0x00006ff8                RAIL_ConfigEvents
 .text.RAIL_ConfigAntenna
                0x0000700c        0x6 ./Sources/HAL/SiliconLabs/SDK/gecko_sdk_3.1.1/platform/radio/rail_lib/autogen/librail_release/librail_efr32xg21_gcc_release.a(rail_rf.o)
                0x0000700c                RAIL_ConfigAntenna
 .text.RAIL_ConfigRxOptions
                0x00007012        0x8 ./Sources/HAL/SiliconLabs/SDK/gecko_sdk_3.1.1/platform/radio/rail_lib/autogen/librail_release/librail_efr32xg21_gcc_release.a(rail_rx.o)
                0x00007012                RAIL_ConfigRxOptions
 .text.RAILINT_7a1b83c18f57d5dc8774009ae81ab08e
                0x0000701a       0x1a ./Sources/HAL/SiliconLabs/SDK/gecko_sdk_3.1.1/platform/radio/rail_lib/autogen/librail_release/librail_efr32xg21_gcc_release.a(rail_rx.o)
                0x0000701a                RAILINT_7a1b83c18f57d5dc8774009ae81ab08e
 .text.RAILCb_ConfigFrameTypeLength
                0x00007034        0x4 ./Sources/HAL/SiliconLabs/SDK/gecko_sdk_3.1.1/platform/radio/rail_lib/autogen/librail_release/librail_efr32xg21_gcc_release.a(rail_rx.o)
                0x00007034                RAILCb_ConfigFrameTypeLength
 .text.RAILINT_45e98292b11a528e9c15f82e1aa2d629
                0x00007038       0x26 ./Sources/HAL/SiliconLabs/SDK/gecko_sdk_3.1.1/platform/radio/rail_lib/autogen/librail_release/librail_efr32xg21_gcc_release.a(rail_calibration.o)
                0x00007038                RAILINT_45e98292b11a528e9c15f82e1aa2d629
 .text.RAIL_SetTxFifo
                0x0000705e        0x8 ./Sources/HAL/SiliconLabs/SDK/gecko_sdk_3.1.1/platform/radio/rail_lib/autogen/librail_release/librail_efr32xg21_gcc_release.a(rail_data.o)
                0x0000705e                RAIL_SetTxFifo
 .text.RAIL_SetRxFifo
                0x00007066        0x8 ./Sources/HAL/SiliconLabs/SDK/gecko_sdk_3.1.1/platform/radio/rail_lib/autogen/librail_release/librail_efr32xg21_gcc_release.a(rail_data.o)
                0x00007066                RAIL_SetRxFifo
 *fill*         0x0000706e        0x2 
 .text.RAILCb_SetupRxFifo
                0x00007070       0x34 ./Sources/HAL/SiliconLabs/SDK/gecko_sdk_3.1.1/platform/radio/rail_lib/autogen/librail_release/librail_efr32xg21_gcc_release.a(rail_data.o)
                0x00007070                RAILCb_SetupRxFifo
 .text.RAIL_GetRxPacketInfo
                0x000070a4        0x8 ./Sources/HAL/SiliconLabs/SDK/gecko_sdk_3.1.1/platform/radio/rail_lib/autogen/librail_release/librail_efr32xg21_gcc_release.a(rail_data.o)
                0x000070a4                RAIL_GetRxPacketInfo
 .text.RAIL_GetRxPacketDetails
                0x000070ac        0x8 ./Sources/HAL/SiliconLabs/SDK/gecko_sdk_3.1.1/platform/radio/rail_lib/autogen/librail_release/librail_efr32xg21_gcc_release.a(rail_data.o)
                0x000070ac                RAIL_GetRxPacketDetails
 .text.RAIL_HoldRxPacket
                0x000070b4        0x4 ./Sources/HAL/SiliconLabs/SDK/gecko_sdk_3.1.1/platform/radio/rail_lib/autogen/librail_release/librail_efr32xg21_gcc_release.a(rail_data.o)
                0x000070b4                RAIL_HoldRxPacket
 .text.RAIL_ReleaseRxPacket
                0x000070b8        0x6 ./Sources/HAL/SiliconLabs/SDK/gecko_sdk_3.1.1/platform/radio/rail_lib/autogen/librail_release/librail_efr32xg21_gcc_release.a(rail_data.o)
                0x000070b8                RAIL_ReleaseRxPacket
 .text.RAIL_PeekRxPacket
                0x000070be        0xe ./Sources/HAL/SiliconLabs/SDK/gecko_sdk_3.1.1/platform/radio/rail_lib/autogen/librail_release/librail_efr32xg21_gcc_release.a(rail_data.o)
                0x000070be                RAIL_PeekRxPacket
 .text.RAILCb_AssertFailed
                0x000070cc       0x14 ./Sources/HAL/SiliconLabs/SDK/gecko_sdk_3.1.1/platform/radio/rail_lib/autogen/librail_release/librail_efr32xg21_gcc_release.a(rail_assert.o)
                0x000070cc                RAILCb_AssertFailed
 .text.RAILINT_205167ae842e22724c3f35c6430eeddb
                0x000070e0       0x2c ./Sources/HAL/SiliconLabs/SDK/gecko_sdk_3.1.1/platform/radio/rail_lib/autogen/librail_release/librail_efr32xg21_gcc_release.a(rail_assert.o)
                0x000070e0                RAILINT_205167ae842e22724c3f35c6430eeddb
 .text.RAILINT_32889d97e4b61459c43022425a5ba12c
                0x0000710c        0x6 ./Sources/HAL/SiliconLabs/SDK/gecko_sdk_3.1.1/platform/radio/rail_lib/autogen/librail_release/librail_efr32xg21_gcc_release.a(rail_ieee802154.o)
 *fill*         0x00007112        0x2 
 .text.RAILINT_7ccc3c14971040883cbefc15a5cc66b4
                0x00007114       0x74 ./Sources/HAL/SiliconLabs/SDK/gecko_sdk_3.1.1/platform/radio/rail_lib/autogen/librail_release/librail_efr32xg21_gcc_release.a(rail_ieee802154.o)
 .text.RAIL_IEEE802154_Init
                0x00007188       0x7c ./Sources/HAL/SiliconLabs/SDK/gecko_sdk_3.1.1/platform/radio/rail_lib/autogen/librail_release/librail_efr32xg21_gcc_release.a(rail_ieee802154.o)
                0x00007188                RAIL_IEEE802154_Init
 .text.RAIL_IEEE802154_Config2p4GHzRadio
                0x00007204        0xc ./Sources/HAL/SiliconLabs/SDK/gecko_sdk_3.1.1/platform/radio/rail_lib/autogen/librail_release/librail_efr32xg21_gcc_release.a(rail_ieee802154.o)
                0x00007204                RAIL_IEEE802154_Config2p4GHzRadio
 .text.RAIL_IEEE802154_SetPromiscuousMode
                0x00007210       0x26 ./Sources/HAL/SiliconLabs/SDK/gecko_sdk_3.1.1/platform/radio/rail_lib/autogen/librail_release/librail_efr32xg21_gcc_release.a(rail_ieee802154.o)
                0x00007210                RAIL_IEEE802154_SetPromiscuousMode
 .text.RAIL_IEEE802154_AcceptFrames
                0x00007236       0x26 ./Sources/HAL/SiliconLabs/SDK/gecko_sdk_3.1.1/platform/radio/rail_lib/autogen/librail_release/librail_efr32xg21_gcc_release.a(rail_ieee802154.o)
                0x00007236                RAIL_IEEE802154_AcceptFrames
 .text.RAILINT_a8ad4c6e1a6fd4bd419176ffe7e198ac
                0x0000725c        0x4 ./Sources/HAL/SiliconLabs/SDK/gecko_sdk_3.1.1/platform/radio/rail_lib/autogen/librail_release/librail_efr32xg21_gcc_release.a(rail_power_manager.o)
 .text.RAILINT_4520652711d56d79a92b925080040a23
                0x00007260        0x4 ./Sources/HAL/SiliconLabs/SDK/gecko_sdk_3.1.1/platform/radio/rail_lib/autogen/librail_release/librail_efr32xg21_gcc_release.a(rail_power_manager.o)
 .text.RAILINT_07411be539f067663dfa5aa99baea238
                0x00007264       0x10 ./Sources/HAL/SiliconLabs/SDK/gecko_sdk_3.1.1/platform/radio/rail_lib/autogen/librail_release/librail_efr32xg21_gcc_release.a(rail_rf_hal.o)
 .text.RAILINT_f0f279c05d6284199cc63667a48546c8
                0x00007274        0x2 ./Sources/HAL/SiliconLabs/SDK/gecko_sdk_3.1.1/platform/radio/rail_lib/autogen/librail_release/librail_efr32xg21_gcc_release.a(rail_rf_hal.o)
 *fill*         0x00007276        0x2 
 .text.RAILINT_57fa2c163b50cc6661e10e0e7662afb8
                0x00007278       0x1c ./Sources/HAL/SiliconLabs/SDK/gecko_sdk_3.1.1/platform/radio/rail_lib/autogen/librail_release/librail_efr32xg21_gcc_release.a(rail_rf_hal.o)
 .text.RAILINT_3c9710db34f633d3b8fb008ca62c25bd
                0x00007294       0x44 ./Sources/HAL/SiliconLabs/SDK/gecko_sdk_3.1.1/platform/radio/rail_lib/autogen/librail_release/librail_efr32xg21_gcc_release.a(rail_rf_hal.o)
 .text.RAILINT_d3f1a953c5ad458b47a16e4df761d2c8
                0x000072d8       0x2c ./Sources/HAL/SiliconLabs/SDK/gecko_sdk_3.1.1/platform/radio/rail_lib/autogen/librail_release/librail_efr32xg21_gcc_release.a(rail_rf_hal.o)
 .text.RAILINT_cd2294a9b77625e0ea5276bdf2a90514
                0x00007304       0x2c ./Sources/HAL/SiliconLabs/SDK/gecko_sdk_3.1.1/platform/radio/rail_lib/autogen/librail_release/librail_efr32xg21_gcc_release.a(rail_rf_hal.o)
 .text.RAILINT_a06f36e75bf41143ad151f38401105ae
                0x00007330       0x40 ./Sources/HAL/SiliconLabs/SDK/gecko_sdk_3.1.1/platform/radio/rail_lib/autogen/librail_release/librail_efr32xg21_gcc_release.a(rail_rf_hal.o)
 .text.RAILINT_14d09babf27325aeb090aac0c6f24436
                0x00007370       0x74 ./Sources/HAL/SiliconLabs/SDK/gecko_sdk_3.1.1/platform/radio/rail_lib/autogen/librail_release/librail_efr32xg21_gcc_release.a(rail_rf_hal.o)
                0x00007370                RAILINT_14d09babf27325aeb090aac0c6f24436
 .text.RAILINT_ff4a165288c69b8c0d7a13c9d06da43a
                0x000073e4      0x11c ./Sources/HAL/SiliconLabs/SDK/gecko_sdk_3.1.1/platform/radio/rail_lib/autogen/librail_release/librail_efr32xg21_gcc_release.a(rail_rf_hal.o)
 .text.RAILINT_9a12d5b6e36b120af4f5fbee5b057a33
                0x00007500       0x18 ./Sources/HAL/SiliconLabs/SDK/gecko_sdk_3.1.1/platform/radio/rail_lib/autogen/librail_release/librail_efr32xg21_gcc_release.a(rail_rf_hal.o)
 .text.RAILINT_2c0c7ba0065447faa0ab7205349f5d73
                0x00007518      0x144 ./Sources/HAL/SiliconLabs/SDK/gecko_sdk_3.1.1/platform/radio/rail_lib/autogen/librail_release/librail_efr32xg21_gcc_release.a(rail_rf_hal.o)
                0x00007518                RAILINT_2c0c7ba0065447faa0ab7205349f5d73
 .text.RAILINT_2a4da4d01b26a7f90998f094ef0d126c
                0x0000765c       0x84 ./Sources/HAL/SiliconLabs/SDK/gecko_sdk_3.1.1/platform/radio/rail_lib/autogen/librail_release/librail_efr32xg21_gcc_release.a(rail_rf_hal.o)
                0x0000765c                RAILINT_2a4da4d01b26a7f90998f094ef0d126c
 .text.RAILINT_ee8e30d6c3ef95b8e8dca03da7401c07
                0x000076e0       0x18 ./Sources/HAL/SiliconLabs/SDK/gecko_sdk_3.1.1/platform/radio/rail_lib/autogen/librail_release/librail_efr32xg21_gcc_release.a(rail_rf_hal.o)
                0x000076e0                RAILINT_ee8e30d6c3ef95b8e8dca03da7401c07
 .text.RAILINT_3131b2227caece62bdb8e184ed31ce2e
                0x000076f8       0xb4 ./Sources/HAL/SiliconLabs/SDK/gecko_sdk_3.1.1/platform/radio/rail_lib/autogen/librail_release/librail_efr32xg21_gcc_release.a(rail_rf_hal.o)
                0x000076f8                RAILINT_3131b2227caece62bdb8e184ed31ce2e
 .text.RAILINT_afeea334a0413e3fba4d9024b9c8696e
                0x000077ac        0xc ./Sources/HAL/SiliconLabs/SDK/gecko_sdk_3.1.1/platform/radio/rail_lib/autogen/librail_release/librail_efr32xg21_gcc_release.a(rail_rf_hal.o)
                0x000077ac                RAILINT_afeea334a0413e3fba4d9024b9c8696e
 .text.RAILINT_99f0e717b1ae5f07aeace88464176fa9
                0x000077b8       0xac ./Sources/HAL/SiliconLabs/SDK/gecko_sdk_3.1.1/platform/radio/rail_lib/autogen/librail_release/librail_efr32xg21_gcc_release.a(rail_rf_hal.o)
                0x000077b8                RAILINT_99f0e717b1ae5f07aeace88464176fa9
 .text.RAILINT_a4b57b9485a34098ab089f4c182a3c25
                0x00007864       0x2c ./Sources/HAL/SiliconLabs/SDK/gecko_sdk_3.1.1/platform/radio/rail_lib/autogen/librail_release/librail_efr32xg21_gcc_release.a(rail_rf_hal.o)
                0x00007864                RAILINT_a4b57b9485a34098ab089f4c182a3c25
 .text.RAILINT_dadf1c52f26190429dcacf7151424c68
                0x00007890       0x30 ./Sources/HAL/SiliconLabs/SDK/gecko_sdk_3.1.1/platform/radio/rail_lib/autogen/librail_release/librail_efr32xg21_gcc_release.a(rail_rf_hal.o)
                0x00007890                RAILINT_dadf1c52f26190429dcacf7151424c68
 .text.RAILINT_3339c86656af5bd3809fcaff6decfb50
                0x000078c0       0x2c ./Sources/HAL/SiliconLabs/SDK/gecko_sdk_3.1.1/platform/radio/rail_lib/autogen/librail_release/librail_efr32xg21_gcc_release.a(rail_rf_hal.o)
                0x000078c0                RAILINT_3339c86656af5bd3809fcaff6decfb50
 .text.RAILINT_bc72022350c558af8f7add9f354aa336
                0x000078ec       0xd8 ./Sources/HAL/SiliconLabs/SDK/gecko_sdk_3.1.1/platform/radio/rail_lib/autogen/librail_release/librail_efr32xg21_gcc_release.a(rail_rf_hal.o)
 .text.RAILINT_c1ee6010aaf86bbd071153c63f21d1bb
                0x000079c4       0x14 ./Sources/HAL/SiliconLabs/SDK/gecko_sdk_3.1.1/platform/radio/rail_lib/autogen/librail_release/librail_efr32xg21_gcc_release.a(rail_rf_hal.o)
                0x000079c4                RAILINT_c1ee6010aaf86bbd071153c63f21d1bb
 .text.RAILINT_7513d8eab2e711e2387c527c09895f59
                0x000079d8        0xc ./Sources/HAL/SiliconLabs/SDK/gecko_sdk_3.1.1/platform/radio/rail_lib/autogen/librail_release/librail_efr32xg21_gcc_release.a(rail_rf_hal.o)
                0x000079d8                RAILINT_7513d8eab2e711e2387c527c09895f59
 .text.RAILINT_abc7196ead04976a18289a1791500047
                0x000079e4       0x20 ./Sources/HAL/SiliconLabs/SDK/gecko_sdk_3.1.1/platform/radio/rail_lib/autogen/librail_release/librail_efr32xg21_gcc_release.a(rail_rf_hal.o)
                0x000079e4                RAILINT_abc7196ead04976a18289a1791500047
 .text.RAILINT_fd62944279593a99af34baf33f1f64a3
                0x00007a04        0xc ./Sources/HAL/SiliconLabs/SDK/gecko_sdk_3.1.1/platform/radio/rail_lib/autogen/librail_release/librail_efr32xg21_gcc_release.a(rail_rf_hal.o)
                0x00007a04                RAILINT_fd62944279593a99af34baf33f1f64a3
 .text.RAILINT_32fca4e0317a75a73f64b707fd6986c3
                0x00007a10       0x2a ./Sources/HAL/SiliconLabs/SDK/gecko_sdk_3.1.1/platform/radio/rail_lib/autogen/librail_release/librail_efr32xg21_gcc_release.a(rail_rf_hal.o)
                0x00007a10                RAILINT_32fca4e0317a75a73f64b707fd6986c3
 *fill*         0x00007a3a        0x2 
 .text.RAILINT_83a3874c81bc5511d0e4d7f8af307385
                0x00007a3c       0x34 ./Sources/HAL/SiliconLabs/SDK/gecko_sdk_3.1.1/platform/radio/rail_lib/autogen/librail_release/librail_efr32xg21_gcc_release.a(rail_rf_hal.o)
 .text.RAILINT_c232eb9695d8ec51969199511f1ffdbc
                0x00007a70       0x6c ./Sources/HAL/SiliconLabs/SDK/gecko_sdk_3.1.1/platform/radio/rail_lib/autogen/librail_release/librail_efr32xg21_gcc_release.a(rail_rf_hal.o)
                0x00007a70                RAILINT_c232eb9695d8ec51969199511f1ffdbc
 .text.RAILINT_7bc23e10f52e56d9fc3392da3f1c2215
                0x00007adc       0x90 ./Sources/HAL/SiliconLabs/SDK/gecko_sdk_3.1.1/platform/radio/rail_lib/autogen/librail_release/librail_efr32xg21_gcc_release.a(rail_rf_hal.o)
                0x00007adc                RAILINT_7bc23e10f52e56d9fc3392da3f1c2215
 .text.RAILINT_cd62b828417e3475c6b58e9a311685cc
                0x00007b6c       0x4a ./Sources/HAL/SiliconLabs/SDK/gecko_sdk_3.1.1/platform/radio/rail_lib/autogen/librail_release/librail_efr32xg21_gcc_release.a(rail_rf_hal.o)
                0x00007b6c                RAILINT_cd62b828417e3475c6b58e9a311685cc
 *fill*         0x00007bb6        0x2 
 .text.RAILINT_b693f7d424389daf06cac15e5c7b8047
                0x00007bb8      0x210 ./Sources/HAL/SiliconLabs/SDK/gecko_sdk_3.1.1/platform/radio/rail_lib/autogen/librail_release/librail_efr32xg21_gcc_release.a(rail_rf_hal.o)
                0x00007bb8                RAILINT_b693f7d424389daf06cac15e5c7b8047
 .text.RAILINT_cb27dba168c71b340f37df80e4ee5b60
                0x00007dc8       0x34 ./Sources/HAL/SiliconLabs/SDK/gecko_sdk_3.1.1/platform/radio/rail_lib/autogen/librail_release/librail_efr32xg21_gcc_release.a(rail_rf_hal.o)
                0x00007dc8                RAILINT_cb27dba168c71b340f37df80e4ee5b60
 .text.RAILINT_f70b804705a044eb7f74093268741788
                0x00007dfc       0x24 ./Sources/HAL/SiliconLabs/SDK/gecko_sdk_3.1.1/platform/radio/rail_lib/autogen/librail_release/librail_efr32xg21_gcc_release.a(rail_rf_hal.o)
                0x00007dfc                RAILINT_f70b804705a044eb7f74093268741788
 .text.RAILINT_2fd87bc1616c65bab5aaf8241d078d01
                0x00007e20       0x44 ./Sources/HAL/SiliconLabs/SDK/gecko_sdk_3.1.1/platform/radio/rail_lib/autogen/librail_release/librail_efr32xg21_gcc_release.a(rail_rf_hal.o)
                0x00007e20                RAILINT_2fd87bc1616c65bab5aaf8241d078d01
 .text.RAILINT_5cc15e08889684ec1ad3d74b53d1f5dc
                0x00007e64       0x12 ./Sources/HAL/SiliconLabs/SDK/gecko_sdk_3.1.1/platform/radio/rail_lib/autogen/librail_release/librail_efr32xg21_gcc_release.a(rail_rf_hal.o)
                0x00007e64                RAILINT_5cc15e08889684ec1ad3d74b53d1f5dc
 .text.RAILINT_bf9c5ad5b66e6c5ba2ba7ecd77ccb2e2
                0x00007e76       0x12 ./Sources/HAL/SiliconLabs/SDK/gecko_sdk_3.1.1/platform/radio/rail_lib/autogen/librail_release/librail_efr32xg21_gcc_release.a(rail_rf_hal.o)
                0x00007e76                RAILINT_bf9c5ad5b66e6c5ba2ba7ecd77ccb2e2
 .text.RAILINT_304d05fa5f7ea83bae289f8245ef896e
                0x00007e88       0x3e ./Sources/HAL/SiliconLabs/SDK/gecko_sdk_3.1.1/platform/radio/rail_lib/autogen/librail_release/librail_efr32xg21_gcc_release.a(rail_rf_hal.o)
                0x00007e88                RAILINT_304d05fa5f7ea83bae289f8245ef896e
 *fill*         0x00007ec6        0x2 
 .text.RAILINT_052f8b2565813079f19c931bac48db51
                0x00007ec8       0x48 ./Sources/HAL/SiliconLabs/SDK/gecko_sdk_3.1.1/platform/radio/rail_lib/autogen/librail_release/librail_efr32xg21_gcc_release.a(rail_rf_hal.o)
                0x00007ec8                RAILINT_052f8b2565813079f19c931bac48db51
 .text.RAILINT_e331ba91c2ae1705d8ddbb0caff1d0a5
                0x00007f10      0x158 ./Sources/HAL/SiliconLabs/SDK/gecko_sdk_3.1.1/platform/radio/rail_lib/autogen/librail_release/librail_efr32xg21_gcc_release.a(rail_rf_hal.o)
                0x00007f10                RAILINT_e331ba91c2ae1705d8ddbb0caff1d0a5
 .text.RAILINT_310967c2629da02413ba4e8adfa3e137
                0x00008068       0x28 ./Sources/HAL/SiliconLabs/SDK/gecko_sdk_3.1.1/platform/radio/rail_lib/autogen/librail_release/librail_efr32xg21_gcc_release.a(rail_rf_hal.o)
                0x00008068                RAILINT_310967c2629da02413ba4e8adfa3e137
 .text.RAILINT_d9e915d6d22bf4edc2f73d7c60daed1e
                0x00008090        0x4 ./Sources/HAL/SiliconLabs/SDK/gecko_sdk_3.1.1/platform/radio/rail_lib/autogen/librail_release/librail_efr32xg21_gcc_release.a(rail_rf_hal.o)
                0x00008090                RAILINT_d9e915d6d22bf4edc2f73d7c60daed1e
 .text.RAILINT_f921a6fdde390c986016ab0c8bf49fae
                0x00008094       0x18 ./Sources/HAL/SiliconLabs/SDK/gecko_sdk_3.1.1/platform/radio/rail_lib/autogen/librail_release/librail_efr32xg21_gcc_release.a(rail_rf_hal.o)
                0x00008094                RAILINT_f921a6fdde390c986016ab0c8bf49fae
 .text.RAILINT_bfd5d2eb09d8a4a7871a5c604290c6e9
                0x000080ac       0x38 ./Sources/HAL/SiliconLabs/SDK/gecko_sdk_3.1.1/platform/radio/rail_lib/autogen/librail_release/librail_efr32xg21_gcc_release.a(rail_rf_hal.o)
                0x000080ac                RAILINT_bfd5d2eb09d8a4a7871a5c604290c6e9
 .text.RAILINT_705827075d9b54aaab0fdf12a337d2ed
                0x000080e4       0x3a ./Sources/HAL/SiliconLabs/SDK/gecko_sdk_3.1.1/platform/radio/rail_lib/autogen/librail_release/librail_efr32xg21_gcc_release.a(rail_rf_hal.o)
                0x000080e4                RAILINT_705827075d9b54aaab0fdf12a337d2ed
 .text.RAILINT_ed7cbf63d67a6dc102f980914a3e8a21
                0x0000811e       0x18 ./Sources/HAL/SiliconLabs/SDK/gecko_sdk_3.1.1/platform/radio/rail_lib/autogen/librail_release/librail_efr32xg21_gcc_release.a(rail_rf_hal.o)
                0x0000811e                RAILINT_ed7cbf63d67a6dc102f980914a3e8a21
 *fill*         0x00008136        0x2 
 .text.RAILINT_44f844fe44efb07ef80df95a956dc879
                0x00008138       0xd8 ./Sources/HAL/SiliconLabs/SDK/gecko_sdk_3.1.1/platform/radio/rail_lib/autogen/librail_release/librail_efr32xg21_gcc_release.a(rail_rf_hal.o)
                0x00008138                RAILINT_44f844fe44efb07ef80df95a956dc879
 .text.RAILINT_c95e9d4ad5fb39bdcaabe1c820867429
                0x00008210       0x18 ./Sources/HAL/SiliconLabs/SDK/gecko_sdk_3.1.1/platform/radio/rail_lib/autogen/librail_release/librail_efr32xg21_gcc_release.a(rail_rf_hal.o)
                0x00008210                RAILINT_c95e9d4ad5fb39bdcaabe1c820867429
 .text.RAILINT_f70cad743ef3526a2ef7ac090e6c385a
                0x00008228       0xb4 ./Sources/HAL/SiliconLabs/SDK/gecko_sdk_3.1.1/platform/radio/rail_lib/autogen/librail_release/librail_efr32xg21_gcc_release.a(rail_rf_hal.o)
                0x00008228                RAILINT_f70cad743ef3526a2ef7ac090e6c385a
 .text.RAILINT_c141602218ed06e17bb09de10ef4b9a3
                0x000082dc       0x4c ./Sources/HAL/SiliconLabs/SDK/gecko_sdk_3.1.1/platform/radio/rail_lib/autogen/librail_release/librail_efr32xg21_gcc_release.a(rail_rf_hal.o)
                0x000082dc                RAILINT_c141602218ed06e17bb09de10ef4b9a3
 .text.RAILINT_e02d00033aeee031972ce3294c5c5c74
                0x00008328       0x38 ./Sources/HAL/SiliconLabs/SDK/gecko_sdk_3.1.1/platform/radio/rail_lib/autogen/librail_release/librail_efr32xg21_gcc_release.a(rail_rf_hal.o)
                0x00008328                RAILINT_e02d00033aeee031972ce3294c5c5c74
 .text.RAILINT_232a85da35fb8aa0cd28c39542df9730
                0x00008360       0xae ./Sources/HAL/SiliconLabs/SDK/gecko_sdk_3.1.1/platform/radio/rail_lib/autogen/librail_release/librail_efr32xg21_gcc_release.a(rail_rf_hal.o)
                0x00008360                RAILINT_232a85da35fb8aa0cd28c39542df9730
 *fill*         0x0000840e        0x2 
 .text.RAILINT_3209015e469febd3aebf12c10b838c78
                0x00008410       0x40 ./Sources/HAL/SiliconLabs/SDK/gecko_sdk_3.1.1/platform/radio/rail_lib/autogen/librail_release/librail_efr32xg21_gcc_release.a(rail_rf_hal.o)
                0x00008410                RAILINT_3209015e469febd3aebf12c10b838c78
 .text.RAILINT_3e587e95c937431090ed1e304e004f0f
                0x00008450       0x2c ./Sources/HAL/SiliconLabs/SDK/gecko_sdk_3.1.1/platform/radio/rail_lib/autogen/librail_release/librail_efr32xg21_gcc_release.a(rail_rf_hal.o)
                0x00008450                RAILINT_3e587e95c937431090ed1e304e004f0f
 .text.RAILINT_67b648a3a6e52348d55fcd9139d9f7aa
                0x0000847c       0x10 ./Sources/HAL/SiliconLabs/SDK/gecko_sdk_3.1.1/platform/radio/rail_lib/autogen/librail_release/librail_efr32xg21_gcc_release.a(rail_rf_hal.o)
                0x0000847c                RAILINT_67b648a3a6e52348d55fcd9139d9f7aa
 .text.RAILINT_2224e76641c2cf7155997d9bff12d8b8
                0x0000848c       0x10 ./Sources/HAL/SiliconLabs/SDK/gecko_sdk_3.1.1/platform/radio/rail_lib/autogen/librail_release/librail_efr32xg21_gcc_release.a(rail_rf_hal.o)
                0x0000848c                RAILINT_2224e76641c2cf7155997d9bff12d8b8
 .text.RAILINT_3bff6dfc0590d5c54bb0576abaeb38dd
                0x0000849c       0x10 ./Sources/HAL/SiliconLabs/SDK/gecko_sdk_3.1.1/platform/radio/rail_lib/autogen/librail_release/librail_efr32xg21_gcc_release.a(rail_rf_hal.o)
                0x0000849c                RAILINT_3bff6dfc0590d5c54bb0576abaeb38dd
 .text.RAILINT_66d345e90816f39971179025c7079256
                0x000084ac       0x24 ./Sources/HAL/SiliconLabs/SDK/gecko_sdk_3.1.1/platform/radio/rail_lib/autogen/librail_release/librail_efr32xg21_gcc_release.a(rail_ieee802154_rf_hal.o)
 .text.RAILINT_5cc919fc20dd52f2d4dcd0fd622a0329
                0x000084d0        0x6 ./Sources/HAL/SiliconLabs/SDK/gecko_sdk_3.1.1/platform/radio/rail_lib/autogen/librail_release/librail_efr32xg21_gcc_release.a(rail_ieee802154_rf_hal.o)
                0x000084d0                RAILINT_5cc919fc20dd52f2d4dcd0fd622a0329
 *fill*         0x000084d6        0x2 
 .text.RAILINT_d25081615073202245609fde0f0d4fbe
                0x000084d8        0xc ./Sources/HAL/SiliconLabs/SDK/gecko_sdk_3.1.1/platform/radio/rail_lib/autogen/librail_release/librail_efr32xg21_gcc_release.a(rail_ieee802154_rf_hal.o)
                0x000084d8                RAILINT_d25081615073202245609fde0f0d4fbe
 .text.RAILINT_7f52347882ddbba7a077ea8579225490
                0x000084e4       0x28 ./Sources/HAL/SiliconLabs/SDK/gecko_sdk_3.1.1/platform/radio/rail_lib/autogen/librail_release/librail_efr32xg21_gcc_release.a(rail_ieee802154_rf_hal.o)
                0x000084e4                RAILINT_7f52347882ddbba7a077ea8579225490
 .text.RAILINT_0bdeace83920f49d6521258171637f3c
                0x0000850c       0x2a ./Sources/HAL/SiliconLabs/SDK/gecko_sdk_3.1.1/platform/radio/rail_lib/autogen/librail_release/librail_efr32xg21_gcc_release.a(rail_ieee802154_rf_hal.o)
                0x0000850c                RAILINT_0bdeace83920f49d6521258171637f3c
 .text.RAILINT_3ec854c4301ae6ed04c0338b9dec6a8d
                0x00008536       0x1e ./Sources/HAL/SiliconLabs/SDK/gecko_sdk_3.1.1/platform/radio/rail_lib/autogen/librail_release/librail_efr32xg21_gcc_release.a(rail_ieee802154_rf_hal.o)
                0x00008536                RAILINT_3ec854c4301ae6ed04c0338b9dec6a8d
 .text.RAILINT_bd523e50f8dd0476bd448bb4ab0a0bba
                0x00008554       0x34 ./Sources/HAL/SiliconLabs/SDK/gecko_sdk_3.1.1/platform/radio/rail_lib/autogen/librail_release/librail_efr32xg21_gcc_release.a(rail_ieee802154_rf_hal.o)
                0x00008554                RAILINT_bd523e50f8dd0476bd448bb4ab0a0bba
 .text.RAILINT_c37fe6dda1b65bd8e07f247eebfb0d24
                0x00008588       0x10 ./Sources/HAL/SiliconLabs/SDK/gecko_sdk_3.1.1/platform/radio/rail_lib/autogen/librail_release/librail_efr32xg21_gcc_release.a(rail_ieee802154_rf_hal.o)
                0x00008588                RAILINT_c37fe6dda1b65bd8e07f247eebfb0d24
 .text.RAILINT_05746359872f2c5331853a4d5044e337
                0x00008598       0x1e ./Sources/HAL/SiliconLabs/SDK/gecko_sdk_3.1.1/platform/radio/rail_lib/autogen/librail_release/librail_efr32xg21_gcc_release.a(rail_ieee802154_rf_hal.o)
                0x00008598                RAILINT_05746359872f2c5331853a4d5044e337
 *fill*         0x000085b6        0x2 
 .text.RAILINT_98bbf79a9d5372aef3bfc63b8029e5b5
                0x000085b8       0x74 ./Sources/HAL/SiliconLabs/SDK/gecko_sdk_3.1.1/platform/radio/rail_lib/autogen/librail_release/librail_efr32xg21_gcc_release.a(rail_ieee802154_rf_hal.o)
                0x000085b8                RAILINT_98bbf79a9d5372aef3bfc63b8029e5b5
 .text.RAILINT_e27525372891c9e702a563a1b4973f45
                0x0000862c        0xe ./Sources/HAL/SiliconLabs/SDK/gecko_sdk_3.1.1/platform/radio/rail_lib/autogen/librail_release/librail_efr32xg21_gcc_release.a(rail_ble_rf_hal.o)
                0x0000862c                RAILINT_e27525372891c9e702a563a1b4973f45
 *fill*         0x0000863a        0x2 
 .text.RAILINT_a779509c3ccfe3314b466cbc2527e4c8
                0x0000863c       0x34 ./Sources/HAL/SiliconLabs/SDK/gecko_sdk_3.1.1/platform/radio/rail_lib/autogen/librail_release/librail_efr32xg21_gcc_release.a(rfhal_ircal.o)
                0x0000863c                RAILINT_a779509c3ccfe3314b466cbc2527e4c8
 .text.RAILINT_5e8e9467b0c1450a5e8b8c0a2125b945
                0x00008670       0x4a ./Sources/HAL/SiliconLabs/SDK/gecko_sdk_3.1.1/platform/radio/rail_lib/autogen/librail_release/librail_efr32xg21_gcc_release.a(rfhal_ircal.o)
                0x00008670                RAILINT_5e8e9467b0c1450a5e8b8c0a2125b945
 .text.RAILINT_180789e54523ec093dde33f764dd8f42
                0x000086ba       0x2e ./Sources/HAL/SiliconLabs/SDK/gecko_sdk_3.1.1/platform/radio/rail_lib/autogen/librail_release/librail_efr32xg21_gcc_release.a(rfhal_ircal.o)
                0x000086ba                RAILINT_180789e54523ec093dde33f764dd8f42
 .text.RAILINT_7c4474e9c252fd93501bbf7d6298f3d3
                0x000086e8       0x44 ./Sources/HAL/SiliconLabs/SDK/gecko_sdk_3.1.1/platform/radio/rail_lib/autogen/librail_release/librail_efr32xg21_gcc_release.a(rfhal_antenna.o)
                0x000086e8                RAILINT_7c4474e9c252fd93501bbf7d6298f3d3
 .text.RAILINT_d035493dc985426c706a16725f81a4c1
                0x0000872c       0x7c ./Sources/HAL/SiliconLabs/SDK/gecko_sdk_3.1.1/platform/radio/rail_lib/autogen/librail_release/librail_efr32xg21_gcc_release.a(rfhal_antenna.o)
                0x0000872c                RAILINT_d035493dc985426c706a16725f81a4c1
 .text.RAILINT_42ba343910883753b346a02b0f77ef3e
                0x000087a8        0xc ./Sources/HAL/SiliconLabs/SDK/gecko_sdk_3.1.1/platform/radio/rail_lib/autogen/librail_release/librail_efr32xg21_gcc_release.a(rfhal_antenna.o)
                0x000087a8                RAILINT_42ba343910883753b346a02b0f77ef3e
 .text.RAILINT_33d661e401ffa5b40584048fe4dff1c2
                0x000087b4       0x70 ./Sources/HAL/SiliconLabs/SDK/gecko_sdk_3.1.1/platform/radio/rail_lib/autogen/librail_release/librail_efr32xg21_gcc_release.a(rfhal_bufc.o)
 .text.RAILINT_893fd72dfcf6ebbe2598a01d375fa2c0
                0x00008824       0x54 ./Sources/HAL/SiliconLabs/SDK/gecko_sdk_3.1.1/platform/radio/rail_lib/autogen/librail_release/librail_efr32xg21_gcc_release.a(rfhal_bufc.o)
 .text.RAILINT_86983bfebc3fcf81f3ab3444e4625a88
                0x00008878       0x3c ./Sources/HAL/SiliconLabs/SDK/gecko_sdk_3.1.1/platform/radio/rail_lib/autogen/librail_release/librail_efr32xg21_gcc_release.a(rfhal_bufc.o)
                0x00008878                RAILINT_86983bfebc3fcf81f3ab3444e4625a88
 .text.RAILINT_cdbd2ef4368f95ff8e91482f629bd134
                0x000088b4       0x1c ./Sources/HAL/SiliconLabs/SDK/gecko_sdk_3.1.1/platform/radio/rail_lib/autogen/librail_release/librail_efr32xg21_gcc_release.a(rfhal_bufc.o)
                0x000088b4                RAILINT_cdbd2ef4368f95ff8e91482f629bd134
 .text.RAILINT_d098fb7ee08dc8d454a1df118de69bc4
                0x000088d0       0xac ./Sources/HAL/SiliconLabs/SDK/gecko_sdk_3.1.1/platform/radio/rail_lib/autogen/librail_release/librail_efr32xg21_gcc_release.a(rfhal_bufc.o)
                0x000088d0                RAILINT_d098fb7ee08dc8d454a1df118de69bc4
 .text.RAILINT_cf127192a488f2899b98e74293e0d50f
                0x0000897c       0x12 ./Sources/HAL/SiliconLabs/SDK/gecko_sdk_3.1.1/platform/radio/rail_lib/autogen/librail_release/librail_efr32xg21_gcc_release.a(rfhal_bufc.o)
                0x0000897c                RAILINT_cf127192a488f2899b98e74293e0d50f
 *fill*         0x0000898e        0x2 
 .text.RAILINT_3ed2ccbe6359cb941c07e51a82b4c080
                0x00008990       0x38 ./Sources/HAL/SiliconLabs/SDK/gecko_sdk_3.1.1/platform/radio/rail_lib/autogen/librail_release/librail_efr32xg21_gcc_release.a(rfhal_bufc.o)
                0x00008990                RAILINT_3ed2ccbe6359cb941c07e51a82b4c080
 .text.RAILINT_6281eecc9c4ea6e1ecc523be2e1d48d2
                0x000089c8       0xa4 ./Sources/HAL/SiliconLabs/SDK/gecko_sdk_3.1.1/platform/radio/rail_lib/autogen/librail_release/librail_efr32xg21_gcc_release.a(rfhal_bufc.o)
                0x000089c8                RAILINT_6281eecc9c4ea6e1ecc523be2e1d48d2
 .text.RAILINT_32732aa1d78833fa65026efd536f2c3e
                0x00008a6c       0x48 ./Sources/HAL/SiliconLabs/SDK/gecko_sdk_3.1.1/platform/radio/rail_lib/autogen/librail_release/librail_efr32xg21_gcc_release.a(rfhal_bufc.o)
                0x00008a6c                RAILINT_32732aa1d78833fa65026efd536f2c3e
 .text.RAILINT_af1bec131c155099f8156b6fce969aff
                0x00008ab4       0x18 ./Sources/HAL/SiliconLabs/SDK/gecko_sdk_3.1.1/platform/radio/rail_lib/autogen/librail_release/librail_efr32xg21_gcc_release.a(rfhal_bufc.o)
                0x00008ab4                RAILINT_af1bec131c155099f8156b6fce969aff
 .text.RAILINT_1733b4fa56ea2dd2dbc687587cdd0f39
                0x00008acc      0x148 ./Sources/HAL/SiliconLabs/SDK/gecko_sdk_3.1.1/platform/radio/rail_lib/autogen/librail_release/librail_efr32xg21_gcc_release.a(rfhal_bufc.o)
                0x00008acc                RAILINT_1733b4fa56ea2dd2dbc687587cdd0f39
 .text.RAILINT_0906929bba6a17fd8a9605e65064a9f4
                0x00008c14       0x60 ./Sources/HAL/SiliconLabs/SDK/gecko_sdk_3.1.1/platform/radio/rail_lib/autogen/librail_release/librail_efr32xg21_gcc_release.a(rfhal_bufc.o)
                0x00008c14                RAILINT_0906929bba6a17fd8a9605e65064a9f4
 .text.RAILINT_31258cb71f8a6b9069347d576bc679f0
                0x00008c74       0x1c ./Sources/HAL/SiliconLabs/SDK/gecko_sdk_3.1.1/platform/radio/rail_lib/autogen/librail_release/librail_efr32xg21_gcc_release.a(rfhal_bufc.o)
                0x00008c74                RAILINT_31258cb71f8a6b9069347d576bc679f0
 .text.RAILINT_6e9511005f24d0489b4328a9cd887def
                0x00008c90       0x30 ./Sources/HAL/SiliconLabs/SDK/gecko_sdk_3.1.1/platform/radio/rail_lib/autogen/librail_release/librail_efr32xg21_gcc_release.a(rfhal_bufc.o)
                0x00008c90                RAILINT_6e9511005f24d0489b4328a9cd887def
 .text.RAILINT_3c133834576f64bd8ce53e3b0fe38f30
                0x00008cc0      0x188 ./Sources/HAL/SiliconLabs/SDK/gecko_sdk_3.1.1/platform/radio/rail_lib/autogen/librail_release/librail_efr32xg21_gcc_release.a(rfhal_bufc.o)
                0x00008cc0                RAILINT_3c133834576f64bd8ce53e3b0fe38f30
 .text.RAILINT_37dcaf6b67da0fa3f13a9cf3e2b6a0ca
                0x00008e48       0x1c ./Sources/HAL/SiliconLabs/SDK/gecko_sdk_3.1.1/platform/radio/rail_lib/autogen/librail_release/librail_efr32xg21_gcc_release.a(rfhal_module.o)
                0x00008e48                RAILINT_37dcaf6b67da0fa3f13a9cf3e2b6a0ca
 .text.RAILINT_349a796a787499e760b79c593a14f353
                0x00008e64       0x28 ./Sources/HAL/SiliconLabs/SDK/gecko_sdk_3.1.1/platform/radio/rail_lib/autogen/librail_release/librail_efr32xg21_gcc_release.a(rfhal_pa.o)
 .text.RAILINT_32f52767e5eabc91b1b4f9b9f833a69a
                0x00008e8c       0x32 ./Sources/HAL/SiliconLabs/SDK/gecko_sdk_3.1.1/platform/radio/rail_lib/autogen/librail_release/librail_efr32xg21_gcc_release.a(rfhal_pa.o)
 *fill*         0x00008ebe        0x2 
 .text.RAILINT_538e671f17d827f5e8fbb6213721d612
                0x00008ec0       0x68 ./Sources/HAL/SiliconLabs/SDK/gecko_sdk_3.1.1/platform/radio/rail_lib/autogen/librail_release/librail_efr32xg21_gcc_release.a(rfhal_pa.o)
                0x00008ec0                RAILINT_538e671f17d827f5e8fbb6213721d612
 .text.RAILINT_1040bf941e847cb582a86b6ad519d354
                0x00008f28       0x28 ./Sources/HAL/SiliconLabs/SDK/gecko_sdk_3.1.1/platform/radio/rail_lib/autogen/librail_release/librail_efr32xg21_gcc_release.a(rfhal_pa.o)
                0x00008f28                RAILINT_1040bf941e847cb582a86b6ad519d354
 .text.RAILINT_0253fd9ac1e21acdc9ffa6ba468555a5
                0x00008f50      0x128 ./Sources/HAL/SiliconLabs/SDK/gecko_sdk_3.1.1/platform/radio/rail_lib/autogen/librail_release/librail_efr32xg21_gcc_release.a(rfhal_pa.o)
                0x00008f50                RAILINT_0253fd9ac1e21acdc9ffa6ba468555a5
 .text.RAILINT_08c8419aa71adfff4194c3a91186dc0b
                0x00009078       0xac ./Sources/HAL/SiliconLabs/SDK/gecko_sdk_3.1.1/platform/radio/rail_lib/autogen/librail_release/librail_efr32xg21_gcc_release.a(rfhal_pa.o)
                0x00009078                RAILINT_08c8419aa71adfff4194c3a91186dc0b
 .text.RAILINT_da84b4d83e32af60304869814f893155
                0x00009124        0xc ./Sources/HAL/SiliconLabs/SDK/gecko_sdk_3.1.1/platform/radio/rail_lib/autogen/librail_release/librail_efr32xg21_gcc_release.a(rfhal_pa.o)
                0x00009124                RAILINT_da84b4d83e32af60304869814f893155
 .text.RAILINT_692f9e407ff0da6bb4b5f2aa1969c134
                0x00009130      0x2a8 ./Sources/HAL/SiliconLabs/SDK/gecko_sdk_3.1.1/platform/radio/rail_lib/autogen/librail_release/librail_efr32xg21_gcc_release.a(rfhal_pa.o)
                0x00009130                RAILINT_692f9e407ff0da6bb4b5f2aa1969c134
 .text.RAILINT_ac4c341889862730c8d820dc51f851c9
                0x000093d8       0xe4 ./Sources/HAL/SiliconLabs/SDK/gecko_sdk_3.1.1/platform/radio/rail_lib/autogen/librail_release/librail_efr32xg21_gcc_release.a(rfhal_pti.o)
                0x000093d8                RAILINT_ac4c341889862730c8d820dc51f851c9
 .text.PTI_AuxdataOutput
                0x000094bc       0x18 ./Sources/HAL/SiliconLabs/SDK/gecko_sdk_3.1.1/platform/radio/rail_lib/autogen/librail_release/librail_efr32xg21_gcc_release.a(rfhal_pti.o)
                0x000094bc                PTI_AuxdataOutput
 .text.RAILINT_a2bb09bbf0f5a66273c06b6551b0acd9
                0x000094d4       0xdc ./Sources/HAL/SiliconLabs/SDK/gecko_sdk_3.1.1/platform/radio/rail_lib/autogen/librail_release/librail_efr32xg21_gcc_release.a(rfhal_protimer.o)
                0x000094d4                RAILINT_a2bb09bbf0f5a66273c06b6551b0acd9
 .text.RAILINT_2867cf1f7327fd002fccf5d8ded311be
                0x000095b0       0x1c ./Sources/HAL/SiliconLabs/SDK/gecko_sdk_3.1.1/platform/radio/rail_lib/autogen/librail_release/librail_efr32xg21_gcc_release.a(rfhal_protimer.o)
                0x000095b0                RAILINT_2867cf1f7327fd002fccf5d8ded311be
 .text.RAILINT_4f93cdd7aecf168775f2a95c9141aec8
                0x000095cc       0x20 ./Sources/HAL/SiliconLabs/SDK/gecko_sdk_3.1.1/platform/radio/rail_lib/autogen/librail_release/librail_efr32xg21_gcc_release.a(rfhal_protimer.o)
                0x000095cc                RAILINT_4f93cdd7aecf168775f2a95c9141aec8
 .text.RAILINT_bda0c15173302986042c4866e7e8cb7e
                0x000095ec       0x14 ./Sources/HAL/SiliconLabs/SDK/gecko_sdk_3.1.1/platform/radio/rail_lib/autogen/librail_release/librail_efr32xg21_gcc_release.a(rfhal_protimer.o)
                0x000095ec                RAILINT_bda0c15173302986042c4866e7e8cb7e
 .text.RAILINT_6fba69fb8464276fb40686c982612f36
                0x00009600       0x18 ./Sources/HAL/SiliconLabs/SDK/gecko_sdk_3.1.1/platform/radio/rail_lib/autogen/librail_release/librail_efr32xg21_gcc_release.a(rfhal_protimer.o)
                0x00009600                RAILINT_6fba69fb8464276fb40686c982612f36
 .text.RAILINT_1619961c7de909eb2db91f9777cf84c9
                0x00009618       0x30 ./Sources/HAL/SiliconLabs/SDK/gecko_sdk_3.1.1/platform/radio/rail_lib/autogen/librail_release/librail_efr32xg21_gcc_release.a(rfhal_protimer.o)
                0x00009618                RAILINT_1619961c7de909eb2db91f9777cf84c9
 .text.RAILINT_91acd8a0b3b22b251b18aeabdb4a57f7
                0x00009648       0x18 ./Sources/HAL/SiliconLabs/SDK/gecko_sdk_3.1.1/platform/radio/rail_lib/autogen/librail_release/librail_efr32xg21_gcc_release.a(rfhal_protimer.o)
                0x00009648                RAILINT_91acd8a0b3b22b251b18aeabdb4a57f7
 .text.RAILINT_3d752c35229134eb0acd91db488d7c4c
                0x00009660       0x24 ./Sources/HAL/SiliconLabs/SDK/gecko_sdk_3.1.1/platform/radio/rail_lib/autogen/librail_release/librail_efr32xg21_gcc_release.a(rfhal_protimer.o)
                0x00009660                RAILINT_3d752c35229134eb0acd91db488d7c4c
 .text.RAILINT_9eb58bc3bfde122d3a99681151a64444
                0x00009684        0xe ./Sources/HAL/SiliconLabs/SDK/gecko_sdk_3.1.1/platform/radio/rail_lib/autogen/librail_release/librail_efr32xg21_gcc_release.a(rfhal_protimer.o)
                0x00009684                RAILINT_9eb58bc3bfde122d3a99681151a64444
 .text.RAILINT_34bce41ab8660dd545debb2103a67a60
                0x00009692       0x1e ./Sources/HAL/SiliconLabs/SDK/gecko_sdk_3.1.1/platform/radio/rail_lib/autogen/librail_release/librail_efr32xg21_gcc_release.a(rfhal_protimer.o)
                0x00009692                RAILINT_34bce41ab8660dd545debb2103a67a60
 .text.RAILINT_91df45e96a2874f76867d6f26ae534a0
                0x000096b0       0x40 ./Sources/HAL/SiliconLabs/SDK/gecko_sdk_3.1.1/platform/radio/rail_lib/autogen/librail_release/librail_efr32xg21_gcc_release.a(rfhal_protimer.o)
                0x000096b0                RAILINT_91df45e96a2874f76867d6f26ae534a0
 .text.RAILINT_880ea347ba5a380aeb65b9c33560ef79
                0x000096f0       0x16 ./Sources/HAL/SiliconLabs/SDK/gecko_sdk_3.1.1/platform/radio/rail_lib/autogen/librail_release/librail_efr32xg21_gcc_release.a(rfhal_protimer.o)
                0x000096f0                RAILINT_880ea347ba5a380aeb65b9c33560ef79
 *fill*         0x00009706        0x2 
 .text.RAILINT_7eef505a2ab2bf9ba8257b9a73e538f4
                0x00009708       0x24 ./Sources/HAL/SiliconLabs/SDK/gecko_sdk_3.1.1/platform/radio/rail_lib/autogen/librail_release/librail_efr32xg21_gcc_release.a(rfhal_radio.o)
 .text.RAILINT_2e07a6872d92c4b3e3c2fd6af0b0470f
                0x0000972c       0x44 ./Sources/HAL/SiliconLabs/SDK/gecko_sdk_3.1.1/platform/radio/rail_lib/autogen/librail_release/librail_efr32xg21_gcc_release.a(rfhal_radio.o)
 .text.RAILINT_3d92125e045a72c8ec8f5b006f79d436
                0x00009770       0x18 ./Sources/HAL/SiliconLabs/SDK/gecko_sdk_3.1.1/platform/radio/rail_lib/autogen/librail_release/librail_efr32xg21_gcc_release.a(rfhal_radio.o)
                0x00009770                RAILINT_3d92125e045a72c8ec8f5b006f79d436
 .text.RAILINT_c174cd7e27ebfe1b2de47ff269c167ee
                0x00009788       0x7e ./Sources/HAL/SiliconLabs/SDK/gecko_sdk_3.1.1/platform/radio/rail_lib/autogen/librail_release/librail_efr32xg21_gcc_release.a(rfhal_radio.o)
                0x00009788                RAILINT_c174cd7e27ebfe1b2de47ff269c167ee
 *fill*         0x00009806        0x2 
 .text.RAILINT_2d55024751d647dfef36f5f548d0f2cb
                0x00009808       0x34 ./Sources/HAL/SiliconLabs/SDK/gecko_sdk_3.1.1/platform/radio/rail_lib/autogen/librail_release/librail_efr32xg21_gcc_release.a(rfhal_radio.o)
                0x00009808                RAILINT_2d55024751d647dfef36f5f548d0f2cb
 .text.RAILINT_0a958662e0f9b48ba3742030a3e4e70c
                0x0000983c       0x48 ./Sources/HAL/SiliconLabs/SDK/gecko_sdk_3.1.1/platform/radio/rail_lib/autogen/librail_release/librail_efr32xg21_gcc_release.a(rfhal_radio.o)
                0x0000983c                RAILINT_0a958662e0f9b48ba3742030a3e4e70c
 .text.RAILINT_ff78d9bb4bfe772063473783474f9dc5
                0x00009884       0x54 ./Sources/HAL/SiliconLabs/SDK/gecko_sdk_3.1.1/platform/radio/rail_lib/autogen/librail_release/librail_efr32xg21_gcc_release.a(rfhal_radio.o)
                0x00009884                RAILINT_ff78d9bb4bfe772063473783474f9dc5
 .text.RAILINT_83b3e2e99c8f4d3fd0b62943447c7cff
                0x000098d8       0x40 ./Sources/HAL/SiliconLabs/SDK/gecko_sdk_3.1.1/platform/radio/rail_lib/autogen/librail_release/librail_efr32xg21_gcc_release.a(rfhal_radio.o)
                0x000098d8                RAILINT_83b3e2e99c8f4d3fd0b62943447c7cff
 .text.RAILINT_56a75a549239881c0b0573168dc43aff
                0x00009918        0x4 ./Sources/HAL/SiliconLabs/SDK/gecko_sdk_3.1.1/platform/radio/rail_lib/autogen/librail_release/librail_efr32xg21_gcc_release.a(rfhal_radio.o)
                0x00009918                RAILINT_56a75a549239881c0b0573168dc43aff
 .text.RAILINT_0db83bf7a6ec6ad175f2b3bb6bb8465a
                0x0000991c       0xec ./Sources/HAL/SiliconLabs/SDK/gecko_sdk_3.1.1/platform/radio/rail_lib/autogen/librail_release/librail_efr32xg21_gcc_release.a(rfhal_radio.o)
                0x0000991c                RAILINT_0db83bf7a6ec6ad175f2b3bb6bb8465a
 .text.RAILINT_171f424fc160b143d72e8b724c33f1c6
                0x00009a08       0x70 ./Sources/HAL/SiliconLabs/SDK/gecko_sdk_3.1.1/platform/radio/rail_lib/autogen/librail_release/librail_efr32xg21_gcc_release.a(rfhal_radio.o)
                0x00009a08                RAILINT_171f424fc160b143d72e8b724c33f1c6
 .text.RAILINT_cd65c06e3b1af867d6257be45870f13b
                0x00009a78       0xd4 ./Sources/HAL/SiliconLabs/SDK/gecko_sdk_3.1.1/platform/radio/rail_lib/autogen/librail_release/librail_efr32xg21_gcc_release.a(rfhal_radio.o)
                0x00009a78                RAILINT_cd65c06e3b1af867d6257be45870f13b
 .text.RAILINT_85395b01c0ad26d73deed4fa79fbb56f
                0x00009b4c       0x24 ./Sources/HAL/SiliconLabs/SDK/gecko_sdk_3.1.1/platform/radio/rail_lib/autogen/librail_release/librail_efr32xg21_gcc_release.a(rfhal_radio.o)
                0x00009b4c                RAILINT_85395b01c0ad26d73deed4fa79fbb56f
 .text.RAILINT_98702195dd5df205b66d73f7f1b701b5
                0x00009b70       0x24 ./Sources/HAL/SiliconLabs/SDK/gecko_sdk_3.1.1/platform/radio/rail_lib/autogen/librail_release/librail_efr32xg21_gcc_release.a(rfhal_radio.o)
                0x00009b70                RAILINT_98702195dd5df205b66d73f7f1b701b5
 .text.RAILINT_1bc89bb9191442fba8e0eefadd7115db
                0x00009b94       0x50 ./Sources/HAL/SiliconLabs/SDK/gecko_sdk_3.1.1/platform/radio/rail_lib/autogen/librail_release/librail_efr32xg21_gcc_release.a(rfhal_radio.o)
                0x00009b94                RAILINT_1bc89bb9191442fba8e0eefadd7115db
 .text.RAILINT_3d99cbb66750f16ad038aa09d2dbf23c
                0x00009be4       0x4c ./Sources/HAL/SiliconLabs/SDK/gecko_sdk_3.1.1/platform/radio/rail_lib/autogen/librail_release/librail_efr32xg21_gcc_release.a(rfhal_radio.o)
                0x00009be4                RAILINT_3d99cbb66750f16ad038aa09d2dbf23c
 .text.RAILINT_0f8f345c59ce02114959a6bf3fac0981
                0x00009c30       0xb0 ./Sources/HAL/SiliconLabs/SDK/gecko_sdk_3.1.1/platform/radio/rail_lib/autogen/librail_release/librail_efr32xg21_gcc_release.a(rfhal_radio.o)
                0x00009c30                RAILINT_0f8f345c59ce02114959a6bf3fac0981
 .text.RAILINT_12973c63ce9f157526b71bd49da4eecd
                0x00009ce0       0x28 ./Sources/HAL/SiliconLabs/SDK/gecko_sdk_3.1.1/platform/radio/rail_lib/autogen/librail_release/librail_efr32xg21_gcc_release.a(rfhal_radio.o)
                0x00009ce0                RAILINT_12973c63ce9f157526b71bd49da4eecd
 .text.RAILINT_e37c2f8c4e95a72e70099c8f3fa2cfe4
                0x00009d08       0x24 ./Sources/HAL/SiliconLabs/SDK/gecko_sdk_3.1.1/platform/radio/rail_lib/autogen/librail_release/librail_efr32xg21_gcc_release.a(rfhal_rand.o)
                0x00009d08                RAILINT_e37c2f8c4e95a72e70099c8f3fa2cfe4
 .text.PRORTC_IRQHandlerOverride
                0x00009d2c       0x12 ./Sources/HAL/SiliconLabs/SDK/gecko_sdk_3.1.1/platform/radio/rail_lib/autogen/librail_release/librail_efr32xg21_gcc_release.a(rfhal_rtccsync.o)
                0x00009d2c                PRORTC_IRQHandlerOverride
 *fill*         0x00009d3e        0x2 
 .text.PRORTC_IRQHandler
                0x00009d40       0x20 ./Sources/HAL/SiliconLabs/SDK/gecko_sdk_3.1.1/platform/radio/rail_lib/autogen/librail_release/librail_efr32xg21_gcc_release.a(rfhal_rtccsync.o)
                0x00009d40                PRORTC_IRQHandler
 .text.RAILINT_f26e766b4223f258d2a3acd050099dec
                0x00009d60      0x2e4 ./Sources/HAL/SiliconLabs/SDK/gecko_sdk_3.1.1/platform/radio/rail_lib/autogen/librail_release/librail_efr32xg21_gcc_release.a(rfhal_synth.o)
                0x00009d60                RAILINT_f26e766b4223f258d2a3acd050099dec
 .text.RAILINT_40f50b01b0acf65296da94a1cd4ce85b
                0x0000a044       0xa4 ./Sources/HAL/SiliconLabs/SDK/gecko_sdk_3.1.1/platform/radio/rail_lib/autogen/librail_release/librail_efr32xg21_gcc_release.a(rfhal_synth.o)
                0x0000a044                RAILINT_40f50b01b0acf65296da94a1cd4ce85b
 .text.RAILINT_ffff6fd8b93bee8f8f3297dc48915167
                0x0000a0e8        0x4 ./Sources/HAL/SiliconLabs/SDK/gecko_sdk_3.1.1/platform/radio/rail_lib/autogen/librail_release/librail_efr32xg21_gcc_release.a(rfhal_synth.o)
                0x0000a0e8                RAILINT_ffff6fd8b93bee8f8f3297dc48915167
 .text.RAILINT_2079853137a39b9d404b4228d973f1ee
                0x0000a0ec       0x1c ./Sources/HAL/SiliconLabs/SDK/gecko_sdk_3.1.1/platform/radio/rail_lib/autogen/librail_release/librail_efr32xg21_gcc_release.a(rfhal_tempcal.o)
                0x0000a0ec                RAILINT_2079853137a39b9d404b4228d973f1ee
 .text.RAILINT_d0ad23c1600b008713957f4fe5ac160e
                0x0000a108       0x6c ./Sources/HAL/SiliconLabs/SDK/gecko_sdk_3.1.1/platform/radio/rail_lib/autogen/librail_release/librail_efr32xg21_gcc_release.a(rfhal_timings.o)
                0x0000a108                RAILINT_d0ad23c1600b008713957f4fe5ac160e
 .text.RAILINT_06b1ea13261364007801a74aa7e1e357
                0x0000a174       0x28 ./Sources/HAL/SiliconLabs/SDK/gecko_sdk_3.1.1/platform/radio/rail_lib/autogen/librail_release/librail_efr32xg21_gcc_release.a(rfhal_timings.o)
                0x0000a174                RAILINT_06b1ea13261364007801a74aa7e1e357
 .text.RAILINT_4baddb3f7581dff171ab25f7b0ebdad3
                0x0000a19c       0x74 ./Sources/HAL/SiliconLabs/SDK/gecko_sdk_3.1.1/platform/radio/rail_lib/autogen/librail_release/librail_efr32xg21_gcc_release.a(rfhal_timings.o)
                0x0000a19c                RAILINT_4baddb3f7581dff171ab25f7b0ebdad3
 .text.RAILINT_43ae21a22b6204273e89e527a423910e
                0x0000a210       0x16 ./Sources/HAL/SiliconLabs/SDK/gecko_sdk_3.1.1/platform/radio/rail_lib/autogen/librail_release/librail_efr32xg21_gcc_release.a(rfhal_timings.o)
                0x0000a210                RAILINT_43ae21a22b6204273e89e527a423910e
 *fill*         0x0000a226        0x2 
 .text.RAILINT_aeea5e1f09f1c2b4f097efecd921db8d
                0x0000a228      0x13c ./Sources/HAL/SiliconLabs/SDK/gecko_sdk_3.1.1/platform/radio/rail_lib/autogen/librail_release/librail_efr32xg21_gcc_release.a(rfhal_timings.o)
                0x0000a228                RAILINT_aeea5e1f09f1c2b4f097efecd921db8d
 .text.RAILINT_dd1d5ca16feea694e6fc546b7f2eb6df
                0x0000a364       0x3c ./Sources/HAL/SiliconLabs/SDK/gecko_sdk_3.1.1/platform/radio/rail_lib/autogen/librail_release/librail_efr32xg21_gcc_release.a(rfhal_timings.o)
                0x0000a364                RAILINT_dd1d5ca16feea694e6fc546b7f2eb6df
 .text.RAILINT_0ab27645a606deaf2cb9a3b11860eb15
                0x0000a3a0       0x34 ./Sources/HAL/SiliconLabs/SDK/gecko_sdk_3.1.1/platform/radio/rail_lib/autogen/librail_release/librail_efr32xg21_gcc_release.a(rfhal_timings.o)
                0x0000a3a0                RAILINT_0ab27645a606deaf2cb9a3b11860eb15
 .text.RAILINT_41ffa61618f37d2827bd6e01cc6c61f5
                0x0000a3d4       0x64 ./Sources/HAL/SiliconLabs/SDK/gecko_sdk_3.1.1/platform/radio/rail_lib/autogen/librail_release/librail_efr32xg21_gcc_release.a(rfhal_timings.o)
                0x0000a3d4                RAILINT_41ffa61618f37d2827bd6e01cc6c61f5
 .text.RAILINT_80090d97c419b275ef1f41db6daa21d4
                0x0000a438       0x40 ./Sources/HAL/SiliconLabs/SDK/gecko_sdk_3.1.1/platform/radio/rail_lib/autogen/librail_release/librail_efr32xg21_gcc_release.a(rfhal_timings.o)
                0x0000a438                RAILINT_80090d97c419b275ef1f41db6daa21d4
 .text.RAILINT_9743c96ef075be688881e5d1e5667476
                0x0000a478       0x64 ./Sources/HAL/SiliconLabs/SDK/gecko_sdk_3.1.1/platform/radio/rail_lib/autogen/librail_release/librail_efr32xg21_gcc_release.a(seq_globals.o)
                0x0000a478                RAILINT_9743c96ef075be688881e5d1e5667476
 .text.RAILINT_e5849823b21bf651f5d87f5e741d2a12
                0x0000a4dc       0x34 ./Sources/HAL/SiliconLabs/SDK/gecko_sdk_3.1.1/platform/radio/rail_lib/autogen/librail_release/librail_efr32xg21_gcc_release.a(generic_phy.o)
 .text.RAILINT_2c4dd48bdd23e67e66c47cfdf845d67c
                0x0000a510       0x50 ./Sources/HAL/SiliconLabs/SDK/gecko_sdk_3.1.1/platform/radio/rail_lib/autogen/librail_release/librail_efr32xg21_gcc_release.a(generic_phy.o)
 .text.RAILINT_6d8967e14ffa5fbb64f5f8549fa17b5c
                0x0000a560       0x1c ./Sources/HAL/SiliconLabs/SDK/gecko_sdk_3.1.1/platform/radio/rail_lib/autogen/librail_release/librail_efr32xg21_gcc_release.a(generic_phy.o)
 .text.RAILINT_ef38b49f1deb3f763f4f0e2ae372d117
                0x0000a57c       0x28 ./Sources/HAL/SiliconLabs/SDK/gecko_sdk_3.1.1/platform/radio/rail_lib/autogen/librail_release/librail_efr32xg21_gcc_release.a(generic_phy.o)
 .text.RAILINT_1f111261e83374ea84a9c5469ceac557
                0x0000a5a4       0x18 ./Sources/HAL/SiliconLabs/SDK/gecko_sdk_3.1.1/platform/radio/rail_lib/autogen/librail_release/librail_efr32xg21_gcc_release.a(generic_phy.o)
 .text.RAILINT_c34bfa9af18e68c24adf7137035e88f0
                0x0000a5bc       0x98 ./Sources/HAL/SiliconLabs/SDK/gecko_sdk_3.1.1/platform/radio/rail_lib/autogen/librail_release/librail_efr32xg21_gcc_release.a(generic_phy.o)
 .text.RAILINT_978af8e4393fb6ecb4e92f5256373899
                0x0000a654       0x30 ./Sources/HAL/SiliconLabs/SDK/gecko_sdk_3.1.1/platform/radio/rail_lib/autogen/librail_release/librail_efr32xg21_gcc_release.a(generic_phy.o)
                0x0000a654                RAILINT_978af8e4393fb6ecb4e92f5256373899
 .text.RAILINT_e56520736dccfc6b4febe00b533ea27a
                0x0000a684      0x3a4 ./Sources/HAL/SiliconLabs/SDK/gecko_sdk_3.1.1/platform/radio/rail_lib/autogen/librail_release/librail_efr32xg21_gcc_release.a(generic_phy.o)
                0x0000a684                RAILINT_e56520736dccfc6b4febe00b533ea27a
 .text.RAILINT_436bf61abb715dbe168d75ac0bccdfdf
                0x0000aa28       0x10 ./Sources/HAL/SiliconLabs/SDK/gecko_sdk_3.1.1/platform/radio/rail_lib/autogen/librail_release/librail_efr32xg21_gcc_release.a(generic_phy.o)
                0x0000aa28                RAILINT_436bf61abb715dbe168d75ac0bccdfdf
 .text.RAILINT_0e4fab607515a0ae94861cde84b8a317
                0x0000aa38       0x10 ./Sources/HAL/SiliconLabs/SDK/gecko_sdk_3.1.1/platform/radio/rail_lib/autogen/librail_release/librail_efr32xg21_gcc_release.a(generic_phy.o)
                0x0000aa38                RAILINT_0e4fab607515a0ae94861cde84b8a317
 .text.RAILINT_5d6f9e1abd47331b2e5065ec63f9f308
                0x0000aa48       0x14 ./Sources/HAL/SiliconLabs/SDK/gecko_sdk_3.1.1/platform/radio/rail_lib/autogen/librail_release/librail_efr32xg21_gcc_release.a(generic_phy.o)
                0x0000aa48                RAILINT_5d6f9e1abd47331b2e5065ec63f9f308
 .text.RAILINT_0390333908b9b36d5ab834e553f87374
                0x0000aa5c       0x70 ./Sources/HAL/SiliconLabs/SDK/gecko_sdk_3.1.1/platform/radio/rail_lib/autogen/librail_release/librail_efr32xg21_gcc_release.a(generic_phy.o)
                0x0000aa5c                RAILINT_0390333908b9b36d5ab834e553f87374
 .text.RAILINT_cda8bf84b67189e08b64149f714e0ad8
                0x0000aacc       0x60 ./Sources/HAL/SiliconLabs/SDK/gecko_sdk_3.1.1/platform/radio/rail_lib/autogen/librail_release/librail_efr32xg21_gcc_release.a(generic_phy.o)
                0x0000aacc                RAILINT_cda8bf84b67189e08b64149f714e0ad8
 .text.RAILINT_b4349430825f42395f1799b2ff8bb1b4
                0x0000ab2c       0x30 ./Sources/HAL/SiliconLabs/SDK/gecko_sdk_3.1.1/platform/radio/rail_lib/autogen/librail_release/librail_efr32xg21_gcc_release.a(generic_phy.o)
                0x0000ab2c                RAILINT_b4349430825f42395f1799b2ff8bb1b4
 .text.RAILINT_cf4e885725a47449d7a6caf77bda2061
                0x0000ab5c       0x60 ./Sources/HAL/SiliconLabs/SDK/gecko_sdk_3.1.1/platform/radio/rail_lib/autogen/librail_release/librail_efr32xg21_gcc_release.a(generic_phy.o)
                0x0000ab5c                RAILINT_cf4e885725a47449d7a6caf77bda2061
 .text.RAILINT_519bf7b367869678ccdc4f803cd8123f
                0x0000abbc        0x4 ./Sources/HAL/SiliconLabs/SDK/gecko_sdk_3.1.1/platform/radio/rail_lib/autogen/librail_release/librail_efr32xg21_gcc_release.a(generic_phy.o)
                0x0000abbc                RAILINT_519bf7b367869678ccdc4f803cd8123f
 .text.RAILINT_a7d421cde8a91be6637558edc84e4002
                0x0000abc0       0x48 ./Sources/HAL/SiliconLabs/SDK/gecko_sdk_3.1.1/platform/radio/rail_lib/autogen/librail_release/librail_efr32xg21_gcc_release.a(generic_phy.o)
                0x0000abc0                RAILINT_a7d421cde8a91be6637558edc84e4002
 .text.RAILINT_415699d4fedc812ab5645a39d53b6366
                0x0000ac08      0x158 ./Sources/HAL/SiliconLabs/SDK/gecko_sdk_3.1.1/platform/radio/rail_lib/autogen/librail_release/librail_efr32xg21_gcc_release.a(generic_phy.o)
                0x0000ac08                RAILINT_415699d4fedc812ab5645a39d53b6366
 .text.FRC_IRQHandler
                0x0000ad60      0x748 ./Sources/HAL/SiliconLabs/SDK/gecko_sdk_3.1.1/platform/radio/rail_lib/autogen/librail_release/librail_efr32xg21_gcc_release.a(generic_phy.o)
                0x0000ad60                FRC_IRQHandler
 .text.FRC_PRI_IRQHandler
                0x0000b4a8        0x4 ./Sources/HAL/SiliconLabs/SDK/gecko_sdk_3.1.1/platform/radio/rail_lib/autogen/librail_release/librail_efr32xg21_gcc_release.a(generic_phy.o)
                0x0000b4a8                FRC_PRI_IRQHandler
 .text.BUFC_IRQHandler
                0x0000b4ac        0x4 ./Sources/HAL/SiliconLabs/SDK/gecko_sdk_3.1.1/platform/radio/rail_lib/autogen/librail_release/librail_efr32xg21_gcc_release.a(generic_phy.o)
                0x0000b4ac                BUFC_IRQHandler
 .text.PROTIMER_IRQHandler
                0x0000b4b0        0x4 ./Sources/HAL/SiliconLabs/SDK/gecko_sdk_3.1.1/platform/radio/rail_lib/autogen/librail_release/librail_efr32xg21_gcc_release.a(generic_phy.o)
                0x0000b4b0                PROTIMER_IRQHandler
 .text.RAC_SEQ_IRQHandler
                0x0000b4b4        0x4 ./Sources/HAL/SiliconLabs/SDK/gecko_sdk_3.1.1/platform/radio/rail_lib/autogen/librail_release/librail_efr32xg21_gcc_release.a(generic_phy.o)
                0x0000b4b4                RAC_SEQ_IRQHandler
 .text.RAILCb_RadioStateChanged
                0x0000b4b8       0x10 ./Sources/HAL/SiliconLabs/SDK/gecko_sdk_3.1.1/platform/radio/rail_lib/autogen/librail_release/librail_efr32xg21_gcc_release.a(generic_phy.o)
                0x0000b4b8                RAILCb_RadioStateChanged
 .text.RAC_RSM_IRQHandler
                0x0000b4c8       0x3c ./Sources/HAL/SiliconLabs/SDK/gecko_sdk_3.1.1/platform/radio/rail_lib/autogen/librail_release/librail_efr32xg21_gcc_release.a(generic_phy.o)
                0x0000b4c8                RAC_RSM_IRQHandler
 .text.MODEM_IRQHandler
                0x0000b504        0x4 ./Sources/HAL/SiliconLabs/SDK/gecko_sdk_3.1.1/platform/radio/rail_lib/autogen/librail_release/librail_efr32xg21_gcc_release.a(generic_phy.o)
                0x0000b504                MODEM_IRQHandler
 .text.AGC_IRQHandler
                0x0000b508       0x40 ./Sources/HAL/SiliconLabs/SDK/gecko_sdk_3.1.1/platform/radio/rail_lib/autogen/librail_release/librail_efr32xg21_gcc_release.a(generic_phy.o)
                0x0000b508                AGC_IRQHandler
 .text.SYNTH_IRQHandler
                0x0000b548       0x18 ./Sources/HAL/SiliconLabs/SDK/gecko_sdk_3.1.1/platform/radio/rail_lib/autogen/librail_release/librail_efr32xg21_gcc_release.a(generic_phy.o)
                0x0000b548                SYNTH_IRQHandler
 .text.RAILINT_fc431c63280fcec9c8f1f2616df249e6
                0x0000b560       0x28 ./Sources/HAL/SiliconLabs/SDK/gecko_sdk_3.1.1/platform/radio/rail_lib/autogen/librail_release/librail_efr32xg21_gcc_release.a(generic_phy.o)
                0x0000b560                RAILINT_fc431c63280fcec9c8f1f2616df249e6
 .text.RAILINT_10ac1cf98a783c6bdb18657a1d32c8ed
                0x0000b588       0x18 ./Sources/HAL/SiliconLabs/SDK/gecko_sdk_3.1.1/platform/radio/rail_lib/autogen/librail_release/librail_efr32xg21_gcc_release.a(generic_phy.o)
                0x0000b588                RAILINT_10ac1cf98a783c6bdb18657a1d32c8ed
 .text.RAILINT_97099dc7ca7699c8d5ef5cc5413c4a7a
                0x0000b5a0       0x7c ./Sources/HAL/SiliconLabs/SDK/gecko_sdk_3.1.1/platform/radio/rail_lib/autogen/librail_release/librail_efr32xg21_gcc_release.a(generic_phy.o)
                0x0000b5a0                RAILINT_97099dc7ca7699c8d5ef5cc5413c4a7a
 .text.RAILINT_dc675e4729ddc8fc4759ebbb1d4c3bce
                0x0000b61c        0x2 ./Sources/HAL/SiliconLabs/SDK/gecko_sdk_3.1.1/platform/radio/rail_lib/autogen/librail_release/librail_efr32xg21_gcc_release.a(generic_phy.o)
                0x0000b61c                RAILINT_dc675e4729ddc8fc4759ebbb1d4c3bce
 .text.RAILINT_b04ac2e87c7e86c14dc53c58ce128069
                0x0000b61e       0x26 ./Sources/HAL/SiliconLabs/SDK/gecko_sdk_3.1.1/platform/radio/rail_lib/autogen/librail_release/librail_efr32xg21_gcc_release.a(cortex_utils.o)
                0x0000b61e                RAILINT_b04ac2e87c7e86c14dc53c58ce128069
 .text.RAIL_ConvertDbmToRaw
                0x0000b644       0xd4 ./Sources/HAL/SiliconLabs/SDK/gecko_sdk_3.1.1/platform/radio/rail_lib/autogen/librail_release/librail_efr32xg21_gcc_release.a(pa_conversions_efr32.o)
                0x0000b644                RAIL_ConvertDbmToRaw
 .text.RAILINT_78eaa84173e85419c123802d17d70cee
                0x0000b718       0x86 ./Sources/HAL/SiliconLabs/SDK/gecko_sdk_3.1.1/platform/radio/rail_lib/autogen/librail_release/librail_efr32xg21_gcc_release.a(rail_autoack.o)
                0x0000b718                RAILINT_78eaa84173e85419c123802d17d70cee
 .text.RAILINT_2d5876683a764801ac6ee9a13c687c8d
                0x0000b79e        0x4 ./Sources/HAL/SiliconLabs/SDK/gecko_sdk_3.1.1/platform/radio/rail_lib/autogen/librail_release/librail_efr32xg21_gcc_release.a(rail_mfm_rf_hal.o)
                0x0000b79e                RAILINT_2d5876683a764801ac6ee9a13c687c8d
 *fill*         0x0000b7a2        0x2 
 .text          0x0000b7a4       0x30 d:/prog/gcc/gcc-arm-none-eabi-10.3-2021.10/bin/../lib/gcc/arm-none-eabi/10.3.1/thumb/v8-m.main+fp/hard\libgcc.a(_aeabi_uldivmod.o)
                0x0000b7a4                __aeabi_uldivmod
 .text          0x0000b7d4      0x2ec d:/prog/gcc/gcc-arm-none-eabi-10.3-2021.10/bin/../lib/gcc/arm-none-eabi/10.3.1/thumb/v8-m.main+fp/hard\libgcc.a(_udivmoddi4.o)
                0x0000b7d4                __udivmoddi4
 .text          0x0000bac0        0x4 d:/prog/gcc/gcc-arm-none-eabi-10.3-2021.10/bin/../lib/gcc/arm-none-eabi/10.3.1/thumb/v8-m.main+fp/hard\libgcc.a(_dvmd_tls.o)
                0x0000bac0                __aeabi_idiv0
                0x0000bac0                __aeabi_ldiv0
 .text.memcpy   0x0000bac4       0x1a d:/prog/gcc/gcc-arm-none-eabi-10.3-2021.10/bin/../lib/gcc/arm-none-eabi/10.3.1/../../../../arm-none-eabi/lib/thumb/v8-m.main+fp/hard\libc_nano.a(lib_a-memcpy-stub.o)
                0x0000bac4                memcpy
 .text.memset   0x0000bade       0x10 d:/prog/gcc/gcc-arm-none-eabi-10.3-2021.10/bin/../lib/gcc/arm-none-eabi/10.3.1/../../../../arm-none-eabi/lib/thumb/v8-m.main+fp/hard\libc_nano.a(lib_a-memset.o)
                0x0000bade                memset
 *fill*         0x0000baee        0x2 
 .text._strtol_l.constprop.0
                0x0000baf0      0x104 d:/prog/gcc/gcc-arm-none-eabi-10.3-2021.10/bin/../lib/gcc/arm-none-eabi/10.3.1/../../../../arm-none-eabi/lib/thumb/v8-m.main+fp/hard\libc_nano.a(lib_a-strtol.o)
 .text.strtol   0x0000bbf4       0x14 d:/prog/gcc/gcc-arm-none-eabi-10.3-2021.10/bin/../lib/gcc/arm-none-eabi/10.3.1/../../../../arm-none-eabi/lib/thumb/v8-m.main+fp/hard\libc_nano.a(lib_a-strtol.o)
                0x0000bbf4                strtol
 .text.__errno  0x0000bc08        0xc d:/prog/gcc/gcc-arm-none-eabi-10.3-2021.10/bin/../lib/gcc/arm-none-eabi/10.3.1/../../../../arm-none-eabi/lib/thumb/v8-m.main+fp/hard\libc_nano.a(lib_a-errno.o)
                0x0000bc08                __errno
 *(.init)
 *(.fini)
 *crtbegin.o(.ctors)
 *crtbegin?.o(.ctors)
 *(EXCLUDE_FILE(*crtend.o *crtend?.o) .ctors)
 *(SORT_BY_NAME(.ctors.*))
 *(.ctors)
 *crtbegin.o(.dtors)
 *crtbegin?.o(.dtors)
 *(EXCLUDE_FILE(*crtend.o *crtend?.o) .dtors)
 *(SORT_BY_NAME(.dtors.*))
 *(.dtors)
 *(.rodata*)
 .rodata.TABLE7_2_PANID_Compression
                0x0000bc14       0x5a Output/Sniffer_802.15.4_SONOFF_USB_Dongle_Plus_E/OBJS/mac_unpack.o
 *fill*         0x0000bc6e        0x2 
 .rodata.Console_PhyToJSONV2.str1.4
                0x0000bc70        0x3 Output/Sniffer_802.15.4_SONOFF_USB_Dongle_Plus_E/OBJS/console.o
 *fill*         0x0000bc73        0x1 
 .rodata.HexToAscii
                0x0000bc74       0x10 Output/Sniffer_802.15.4_SONOFF_USB_Dongle_Plus_E/OBJS/console.o
 .rodata.HFRCOEM23DevinfoGet.str1.4
                0x0000bc84       0x48 Output/Sniffer_802.15.4_SONOFF_USB_Dongle_Plus_E/OBJS/em_cmu.o
 .rodata.GPIO_ExtIntConfig.str1.4
                0x0000bccc       0x49 Output/Sniffer_802.15.4_SONOFF_USB_Dongle_Plus_E/OBJS/em_gpio.o
 *fill*         0x0000bd15        0x3 
 .rodata.GPIO_PinModeSet.str1.4
                0x0000bd18       0x4b Output/Sniffer_802.15.4_SONOFF_USB_Dongle_Plus_E/OBJS/em_gpio.o
 *fill*         0x0000bd63        0x1 
 .rodata.USART_BaudrateAsyncSet.str1.4
                0x0000bd64       0x4a Output/Sniffer_802.15.4_SONOFF_USB_Dongle_Plus_E/OBJS/em_usart.o
 *fill*         0x0000bdae        0x2 
 .rodata.rail154Config
                0x0000bdb0       0x2c Output/Sniffer_802.15.4_SONOFF_USB_Dongle_Plus_E/OBJS/Hal_Radio.o
 .rodata        0x0000bddc       0x1c Output/Sniffer_802.15.4_SONOFF_USB_Dongle_Plus_E/OBJS/Hal_Console.o
 .rodata.sl_app_properties
                0x0000bdf8       0x40 Output/Sniffer_802.15.4_SONOFF_USB_Dongle_Plus_E/OBJS/BSP_Sonoff_USB_Dongle_Plus_E.o
                0x0000bdf8                sl_app_properties
 .rodata        0x0000be38       0x24 ./Sources/HAL/SiliconLabs/SDK/gecko_sdk_3.1.1/platform/radio/rail_lib/autogen/librail_release/librail_efr32xg21_gcc_release.a(rail_ieee802154.o)
 .rodata.RAILINT_c31703a7fdcc05c41a79c5dab844e34f
                0x0000be5c        0x8 ./Sources/HAL/SiliconLabs/SDK/gecko_sdk_3.1.1/platform/radio/rail_lib/autogen/librail_release/librail_efr32xg21_gcc_release.a(rail_ieee802154.o)
 .rodata.RAILINT_6395d1d00f39eebcdfd90fd22fbd0f21
                0x0000be64       0x10 ./Sources/HAL/SiliconLabs/SDK/gecko_sdk_3.1.1/platform/radio/rail_lib/autogen/librail_release/librail_efr32xg21_gcc_release.a(rail_rf_hal.o)
 .rodata.RAILINT_e2c2f3fe6db413d95c1b5e9d1dee12f0
                0x0000be74        0x4 ./Sources/HAL/SiliconLabs/SDK/gecko_sdk_3.1.1/platform/radio/rail_lib/autogen/librail_release/librail_efr32xg21_gcc_release.a(rail_rf_hal.o)
 .rodata.RAILINT_e88d2ff9c2ad0d21d5b6d6840de5ac12
                0x0000be78        0x4 ./Sources/HAL/SiliconLabs/SDK/gecko_sdk_3.1.1/platform/radio/rail_lib/autogen/librail_release/librail_efr32xg21_gcc_release.a(rail_rf_hal.o)
 .rodata.RAILINT_05cd8f4263afe5a5f0561f4363d8f82d
                0x0000be7c        0x4 ./Sources/HAL/SiliconLabs/SDK/gecko_sdk_3.1.1/platform/radio/rail_lib/autogen/librail_release/librail_efr32xg21_gcc_release.a(rail_rf_hal.o)
 .rodata.RAILINT_cced209ae0bf7d802971ebcf473b7962
                0x0000be80        0xc ./Sources/HAL/SiliconLabs/SDK/gecko_sdk_3.1.1/platform/radio/rail_lib/autogen/librail_release/librail_efr32xg21_gcc_release.a(rail_rf_hal.o)
 .rodata.ieee802154_2p4_antdiv_timing
                0x0000be8c        0xc ./Sources/HAL/SiliconLabs/SDK/gecko_sdk_3.1.1/platform/radio/rail_lib/autogen/librail_release/librail_efr32xg21_gcc_release.a(rail_ieee802154_rf_hal.o)
                0x0000be8c                ieee802154_2p4_antdiv_timing
 .rodata.ieee802154_2p4_coherent_timing
                0x0000be98        0xc ./Sources/HAL/SiliconLabs/SDK/gecko_sdk_3.1.1/platform/radio/rail_lib/autogen/librail_release/librail_efr32xg21_gcc_release.a(rail_ieee802154_rf_hal.o)
                0x0000be98                ieee802154_2p4_coherent_timing
 .rodata.RAILINT_78ce8b40f7196493de99e0d9ea79b6c4
                0x0000bea4        0x8 ./Sources/HAL/SiliconLabs/SDK/gecko_sdk_3.1.1/platform/radio/rail_lib/autogen/librail_release/librail_efr32xg21_gcc_release.a(rail_ieee802154_rf_hal.o)
 .rodata.ble_LR_DSA_125kb_timing
                0x0000beac        0xc ./Sources/HAL/SiliconLabs/SDK/gecko_sdk_3.1.1/platform/radio/rail_lib/autogen/librail_release/librail_efr32xg21_gcc_release.a(rail_ble_rf_hal.o)
                0x0000beac                ble_LR_DSA_125kb_timing
 .rodata.ble_LR_DSA_500kb_timing
                0x0000beb8        0xc ./Sources/HAL/SiliconLabs/SDK/gecko_sdk_3.1.1/platform/radio/rail_lib/autogen/librail_release/librail_efr32xg21_gcc_release.a(rail_ble_rf_hal.o)
                0x0000beb8                ble_LR_DSA_500kb_timing
 .rodata.RAILINT_8538875f216554bf4208f0c5a0c4ec23
                0x0000bec4        0x7 ./Sources/HAL/SiliconLabs/SDK/gecko_sdk_3.1.1/platform/radio/rail_lib/autogen/librail_release/librail_efr32xg21_gcc_release.a(rfhal_pa.o)
 .rodata.RAILINT_1b36f96a72656bd43a4afffed3254c9e
                0x0000becb        0xd ./Sources/HAL/SiliconLabs/SDK/gecko_sdk_3.1.1/platform/radio/rail_lib/autogen/librail_release/librail_efr32xg21_gcc_release.a(rfhal_pa.o)
 .rodata.RAILINT_d3dd13574495c9b1fcdaf482701deee1
                0x0000bed8        0x8 ./Sources/HAL/SiliconLabs/SDK/gecko_sdk_3.1.1/platform/radio/rail_lib/autogen/librail_release/librail_efr32xg21_gcc_release.a(rfhal_radio.o)
 .rodata.RAILINT_fc4f997ed88f479adfdd3de1f377abc0
                0x0000bee0        0x5 ./Sources/HAL/SiliconLabs/SDK/gecko_sdk_3.1.1/platform/radio/rail_lib/autogen/librail_release/librail_efr32xg21_gcc_release.a(rfhal_synth.o)
 *fill*         0x0000bee5        0x3 
 .rodata.RAILINT_6c7715fcf8a536bb641f7a33742a842f